05-03 14:29:02(3419188056635235524) cos INFO: [Cos_SysInit:60]Cos init ok
05-03 14:29:02(23985) cos INFO: [Cos_ThreadProc:174]thread[Cos_InetMgr]:0xede1fc00 , threadid:23985 start ok
05-03 14:29:02(23748) CFG_TASK INFO: [Cfg_LoadOwnerUsrCfg:224]user cfg sync flag 0,nickname  mobile  RegPeriod 
05-03 14:29:02(545460870340) CFG_TASK INFO: [Cfg_LoadUserGroupCfg:35]load localFile ,get usr group list {"grplist":[{"syncflag":"1","grpid":"1600010140c3ad11A0000001","grpdesc":"","gtoken":"1600010140c3ad11A0000001","ownerid":"1600010140c3ad11"},{"syncflag":"1","grpid":"22000101413a31a9","parentgrpid":"1600010140c3ad11A0000001","grpdesc":"","gtoken":"oylyjfsbu6l0e2d4ucge","ownerid":"1600010140c3ad11","devnum":"1","devlist":[{"memberid":"12000103c0537c93","CTEI":"000CF025010605EL","onlinestatus":"1","jt":"2025-11-01 16:08:54","OffLineTime":"2026-05-03 05:17:02"}]}],"syncflag":"1","synctime":"1777797774"} usrId[1600010140c3ad11]
05-03 14:29:02(3762536723054091460) CFG_TASK INFO: [Cfg_FindAndCreatGroupNode:273]creat new group 1600010140c3ad11A0000001 item 255
05-03 14:29:02(545460870340) CFG_TASK INFO: [Cfg_ParseGroupInfItem:1291]load grp 1600010140c3ad11A0000001 dev num 0 usrnum 0 rolenum 0 
05-03 14:29:02(23748) CFG_TASK INFO: [Cfg_FindAndCreatGroupNode:273]creat new group 22000101413a31a9 item 255
05-03 14:29:02(545460870340) CFG_TASK INFO: [Cfg_ParseGroupInfItem:1291]load grp 22000101413a31a9 dev num 1 usrnum 0 rolenum 0 
05-03 14:29:02(23748) CFG_TASK INFO: [Cfg_LoadPeerDeviceFile:40]load device 12000103c0537c93 cfg :
05-03 14:29:02(545460870340) CFG_TASK INFO: [Cfg_LoadPeerDeviceFile:49]systemInf: {"Sign":"43374","CompanyID":"0000213ed0cdb8bc","AppID":"1665373297326122","AblPlatType":"0","AblPlatAddr":"","HxlinkPort":"0","HxLinkAddr":"","CTEI":"000CF025010605EL","DevThirdSn":"","GroupId":"22000101413a31a9","DID":"12000103c0537c93"}
05-03 14:29:02(545460870340) CFG_TASK INFO: [Cfg_LoadPeerDeviceFile:58]devinfo: {"Sign":"1075","EncAbility":"0","OTAAbility":"7","OTAType":"0","WifiSetAbility":"25","EnergyType":"0","AwakeAbility":"0","AOVAbility":"0","SwitchAOVFrameRateAbility":"0","MicVolumeAbility":"0","SIMAbility":"0","OneClickShowAbility":"0","LogCollectAbility":"1","Powersupply":"1","SupplyShowPowerAbility":"0","DualFrequency":"0","ApSetPasswd":"0","TimerOpenAbility":"0","PowerLevel":"100","SdkVersion":"50664832","DevVersion":"YGT.AJ-L33PQ08A1-v241030.1014","OldDevFlag":"0","DevName":"GateCameras","OsType":"1","DevType":"1","AwakeInterval":"0","MaxSessionCnt":"4","AliveSessionCnt":"0","WifiStrength":"0","AutoSync":"1","DevModel":"AJ-L33PQ08A1","SSID":"","MacAddr":"","DstArea":"Asia/Kolkata","Dst":"IST-5:30","DstUseFlag":"1","TimeMode":"0","StatusLedMode":"1","SimSlotCnt":"0","WorkSimSlotId":"0","IMEI":"","Language":"0","PromptSet":"0","ApHasPassWd":"0","AOVFrameInterval":"0","SimSlots":[],"MulMedia":{"Port":"0","Ipv4":"","ReSource":"","EncType":"0","EncKey":"","EncLv":""}}
05-03 14:29:02(545460870340) CFG_TASK INFO: [Cfg_LoadPeerDeviceFile:73]cameraInf: {"Sign":"70708","CamCnt":"1","CamWorkType":"0","CamList":[{"CamId":"0","StreamCount":"2","PIPAblity":"0","VoicePlayAbility":"1","MicroPhoneAbility":"1","OSDSetAbility":"1","IRRedAbility":"1","InversionAbility":"1","MirrorAbility":"0","StorageAbility":"1","WDRAbility":"1","HDRAbility":"0","FullColorMode":"0","HumanRgnAblity":"1","OSDAblity":"1","SupportPtz":"3","PTZMode":"3","AntiFlickerAbility":"0","PrivacyMaskAbility":"0","OSDName":"","OSDPosition":"0","OSDCustomSwitch":"0","OSDCommonSwitch":"0","Sensor":{"MaxLenCount":"1","CurrentLenID":"0","AutoFlag":"1","DefaultLenId":"0","RectifyAbility":"0","ZoomAbility":"0","CurZoomValue":0,"CombineFlag":0,"Lens":[{"LenID":"0","LenName":"0","LensType":"0","LenFocalLenth":"4","MinLenFocalLenth":"0","MaxLenFocalLenth":"0"}]},"MicroPhoneStatus":"1","CamStatus":"1","InversionType":"1","MirrorType":"0","IRRedMode":"0","ScanFrequery":"0","StorageStatus":"1","Volumn":"50","WDRMode":"0","HDRMode":"0","PlayMode":"3","RingToneSetAbility":"1","RingToneDecAbility":"5","AudioParam":{"EncType":"4","SampleRate":"8000","Channel":"1","Depth":"16"},"PrivacyList":[],"Streamers":[{"ResolutionAbility":"28","EncAbility":"2","HideFlag":"0","StreamID":"0","Resolution":"16","Width":"1920","Height":"1080","EncType":"2","SmartEncFlag":"0","Quality":"2","FrameRate":"17","BiteRate":"8","RateType":"1","FrameInterval":"100"},{"ResolutionAbility":"1","EncAbility":"2","HideFlag":"0","StreamID":"1","Resolution":"1","Width":"640","Height":"360","EncType":"2","SmartEncFlag":"0","Quality":"2","FrameRate":"17","BiteRate":"5","RateType":"1","FrameInterval":"100"}]}]}
05-03 14:29:02(545460870340) CFG_TASK INFO: [Cfg_LoadPeerDeviceFile:93]inIotInf: {"PTZAbility":"3","AttachPTZAbility":"0","PTZSpeedAbility":"1","MotionAbility":"1","DoorbellAbility":"0","RecordAbility":"1","PIRAbility":"0","VoiceAlarmAbility":"0","SnapshotAbility":"1","BuzzerAbility":"1","StatusLampAbility":"0","LampAbility":"1","CloudRecordAbility":"0","CloudSnapshotAbility":"1","CameraAbility":"1","EventAbility":"1","SupportCloudFlag":"1","Sign":"41496","IoTS":[{"AIIoTType":"1006","AIIoTID":"0","OpenFlag":"1","Sign":"0"},{"AIIoTType":"1005","AIIoTID":"0","OpenFlag":"1","Sign":"0","Prop":{"SnapLoopFlag":"1","SnapInterval":"180","SnapFullFlag":"0","SnapPicType":"2"}},{"AIIoTType":"1000","AIIoTID":"0","OpenFlag":"1","Sign":"0","Prop":{"Motion":{"Status":"0","Interval":"60","Trace":"0","Sensitive":"50"},"Human":{"Sensitive":"50","Status":"0","Interval":"60","Trace":"0"},"Face":{"Sensitive":"50","Status":"0","Interval":"60","Trace":"0"}}},{"AIIoTType":"1009","AIIoTID":"0","OpenFlag":"1","Sign":"0","Prop":{"Status":"1"}},{"AIIoTType":"1014","AIIoTID":"0","OpenFlag":"1","Sign":"0","Prop":{"IrcutType":"2"}},{"AIIoTType":"1007","AIIoTID":"0","OpenFlag":"1","Sign":"0","Prop":{}},{"AIIoTType":"1002","AIIoTID":"0","OpenFlag":"1","Sign":"0","Prop":{"RecordLoop":"1","RecordFull":"0","StreamID":"0","Duration":"0"}},{"AIIoTType":"1011","AIIoTID":"0","OpenFlag":"1","Sign":"0","Prop":{"GifFlag":"1","GifOpenFlag":"0","Interval":"30","LoopDays":"3","PicType":"2","RecordType":"1","SnapJpgCnt":"1","StorageType":"0","Support":"1","hm_editable":"0"}},{"AIIoTType":"1013","AIIoTID":"0","OpenFlag":"1","Sign":"0","Prop":{"PushFlag":"7","SMSFlag":"1","EmailFlag":"1","Interval":"300","EmailAddr":"","StartTime":"0","EndTime":"86400","SpanFlag":"0","Week":"127"}},{"AIIoTType":"1012","AIIoTID":"0","OpenFlag":"1","Sign":"0"},{"AIIoTType":"1093","AIIoTID":"0","OpenFlag":"1","Sign":"0","Prop":null,"Buss":{"TimeArea":"","TimeZone":""}},{"AIIoTType":"1098","AIIoTID":"0","OpenFlag":"1","Sign":"0","Prop":{"EventList":[{"EventID":"108300"},{"Ev***
05-03 14:29:02(23748) CFG_TASK INFO: [Cfg_SetCamSupportPtz:7319]peerid 12000103c0537c93 camid 3 set ptz 2139062143
05-03 14:29:02(545460870340) CFG_TASK INFO: [Cfg_LoadPeerDeviceFile:101]iothub inf: {"Sign":"0","IoTHubAbility":"0","IoTHubMaxCount":"32","IoTHubStatus":"0","IoTs":[]}
05-03 14:29:02(545460870340) CFG_TASK INFO: [Cfg_LoadPeerDeviceFile:110]cur timepolicy: {"Sign":"0","Policys":[{"OpenFlag":"1","PolicyID":"1","PolicyName":"Time_1","Week":"127","StartTime":"0","EndTime":"86399","LoopType":"0","Day":"","Action":[{"AIIoTType":"1002","AIIoTID":"0","Output":{"CtrlType":"1","StreamID":"0","Duration":"600"}},{"AIIoTType":"1005","AIIoTID":"0","Output":{"PicType":"2","Interval":"30","GifFlag":"0"}},{"AIIoTType":"1010","AIIoTID":"0","Output":{"CtrlType":"1","StreamID":"0","Duration":"600"}}]},{"OpenFlag":"0","PolicyID":"2","PolicyName":"Time_1","Week":"127","StartTime":"0","EndTime":"86399","LoopType":"0","Day":"","Action":[{"AIIoTType":"1002","AIIoTID":"0","Output":{"CtrlType":"1","StreamID":"0","Duration":"600"}},{"AIIoTType":"1005","AIIoTID":"0","Output":{"PicType":"2","Interval":"30","GifFlag":"0"}},{"AIIoTType":"1010","AIIoTID":"0","Output":{"CtrlType":"1","StreamID":"0","Duration":"600"}}]}]}
05-03 14:29:02(545460870340) CFG_TASK INFO: [Cfg_LoadPeerDeviceFile:119]cur alarmpolicy: {"Sign":"38545","Policys":[{"AIIoTType":"1000","AIIoTID":"0","OpenFlag":"1","PolicyName":"Alarm_100","PolicyID":"100","Prop":{"Motion":{"Trace":"0","Sensitive":"50","Status":"0","Interval":"35"},"Human":{"Trace":"0","Sensitive":"50","Status":"0","Interval":"50"},"Face":{"Trace":"0","DiscernFlag":"0","Sensitive":"25","Status":"0","Interval":"30"}},"Events":[{"EventID":"100001","OpenFlag":"0","Week":"127","StartTime":"0","EndTime":"86399","SpanFlag":"0","Action":[{"AIIoTType":"1009","AIIoTID":"0","OutPut":{"AlarmType":"1000","CtrlType":"0","LoopCnt":"1","SoundName":"","SoundType":"2"}},{"AIIoTType":"1002","AIIoTID":"0","OutPut":{"CtrlType":"1","Duration":"30","StreamID":"0"}},{"AIIoTType":"1005","AIIoTID":"0","OutPut":{"PicType":"2","Interval":"","GifFlag":"0"}},{"AIIoTType":"1013","AIIoTID":"0","OutPut":{"EmailFlag":"1","EndTime":"86400","Interval":"0","PushFlag":"7","SMSFlag":"1","SpanFlag":"1","StartTime":"0","Week":"127"}},{"AIIoTType":"1011","AIIoTID":"0","OutPut":{"PicType":"2","Interval":"","GifFlag":"1"}},{"AIIoTType":"1010","AIIoTID":"0","OutPut":{"CtrlType":"1","Duration":"30","StreamID":"0"}},{"AIIoTType":"0","AIIoTID":"0"},{"AIIoTType":"1007","AIIoTID":"0","OutPut":{"CtrlType":"1","Duration":"31"}}],"FenceID":[],"SceneID":[],"TriggerInfo":[]},{"EventID":"100002","OpenFlag":"0","Week":"127","StartTime":"0","EndTime":"86399","SpanFlag":"0","Action":[{"AIIoTType":"1009","AIIoTID":"0","OutPut":{"AlarmType":"1000","CtrlType":"0","LoopCnt":"1","SoundName":"","SoundType":"2"}},{"AIIoTType":"1002","AIIoTID":"0","OutPut":{"CtrlType":"1","Duration":"30","StreamID":"0"}},{"AIIoTType":"1005","AIIoTID":"0","OutPut":{"PicType":"2","Interval":"","GifFlag":"0"}},{"AIIoTType":"1013","AIIoTID":"0","OutPut":{"EmailFlag":"1","EndTime":"86400","Interval":"0","PushFlag":"7","SMSFlag":"1","SpanFlag":"1","StartTime":"0","Week":"127"}},{"AIIoTType":"1011","AIIoTID":"0","OutPut":{"PicType":"2","Interval":"","GifFlag":"1"}},{"AIIoTType***
05-03 14:29:02(545460870340) CFG_TASK INFO: [Cfg_LoadPeerDeviceFile:128]cur ptzFile: {"Sign":"4932","SetPresetAbility":"1","CruiseAbility":"0","PositionAbility":"0","PreSets":[{"PresetId":"1762176769","Name":"right","PicID":"20251103213252100119c0537c937006","Point":{"X":"-5058","Y":"2556","Z":0,"FocalLen":0}},{"PresetId":"1762325434","Name":"good1","PicID":"20251105145036100119c0537c932912","Point":{"X":"-5568","Y":"2000","Z":0,"FocalLen":0}},{"PresetId":"1764592558","Name":"g2","PicID":"20251201203600100119c0537c933264","Point":{"X":"-5372","Y":"5334","Z":0,"FocalLen":0}}],"Cruises":[],"WatchPoint":{"PresetID":"0","WatchTime":"0"}}
05-03 14:29:02(10349162383376669892) cos ERR: [Cos_FileLoad:131]file open pucFileName:/data/user/0/com.huiyun.care.viewerpro.googleplay/files/Care/config/12000103c0537c93/ServerSetcfg.db
05-03 14:29:02(10349162383376669892) cos ERR: [Cos_FileLoad:131]file open pucFileName:/data/user/0/com.huiyun.care.viewerpro.googleplay/files/Care/config/12000103c0537c93/scenemode.db
05-03 14:29:02(532575968452) CFG_TASK INFO: [Cfg_Ai_DelRegions:1237]delete humCount regions
05-03 14:29:02(10349162383376669892) cos ERR: [Cos_FileLoad:131]file open pucFileName:/data/user/0/com.huiyun.care.viewerpro.googleplay/files/Care/config/12000103c0537c93/energymode.db
05-03 14:29:02(10349162383376669892) cos ERR: [Cos_FileLoad:131]file open pucFileName:/data/user/0/com.huiyun.care.viewerpro.googleplay/files/Care/config/12000103c0537c93/fence.db
05-03 14:29:02(10349162383376669892) cos ERR: [Cos_FileLoad:131]file open pucFileName:/data/user/0/com.huiyun.care.viewerpro.googleplay/files/Care/config/12000103c0537c93/gb.db
05-03 14:29:02(545460870340) CFG_TASK INFO: [Cfg_LoadPeerDeviceFile:192]cur Algorithm: {"Sign":"0","EventIDs":[{"EventID":"100000","AIIoTType":"1000","OpenFlag":"1","Name":"Motion Detection"},{"EventID":"100001","AIIoTType":"1000","OpenFlag":"1","Name":"Human Detection"},{"EventID":"109600","AIIoTType":"1096","OpenFlag":"0","Name":""},{"EventID":"109700","AIIoTType":"1097","OpenFlag":"0","Name":""},{"EventID":"102900","AIIoTType":"1029","OpenFlag":"0","Name":"Pet Detection"},{"EventID":"108300","AIIoTType":"1083","OpenFlag":"0","Name":"Vehicle Detection"},{"EventID":"102902","AIIoTType":"1029","OpenFlag":"0","Name":""},{"EventID":"110400","AIIoTType":"1104","OpenFlag":"0","Name":""},{"EventID":"100017","AIIoTType":"1000","OpenFlag":"0","Name":"Motion Detection Cross Line"},{"EventID":"102903","AIIoTType":"1029","OpenFlag":"0","Name":""},{"EventID":"102906","AIIoTType":"1029","OpenFlag":"0","Name":""},{"EventID":"109703","AIIoTType":"1097","OpenFlag":"0","Name":""},{"EventID":"110300","AIIoTType":"1103","OpenFlag":"0","Name":""},{"EventID":"108901","AIIoTType":"1089","OpenFlag":"0","Name":""},{"EventID":"102901","AIIoTType":"1029","OpenFlag":"0","Name":""},{"EventID":"102904","AIIoTType":"1029","OpenFlag":"0","Name":""},{"EventID":"110600","AIIoTType":"1106","OpenFlag":"0","Name":""},{"EventID":"109702","AIIoTType":"1097","OpenFlag":"0","Name":""},{"EventID":"102500","AIIoTType":"1025","OpenFlag":"0","Name":""},{"EventID":"102600","AIIoTType":"1026","OpenFlag":"0","Name":""},{"EventID":"110900","AIIoTType":"1109","OpenFlag":"0","Name":""},{"EventID":"102905","AIIoTType":"1029","OpenFlag":"0","Name":""},{"EventID":"300008","AIIoTType":"1000","OpenFlag":"0","Name":""},{"EventID":"109701","AIIoTType":"1097","OpenFlag":"0","Name":""},{"EventID":"110500","AIIoTType":"1105","OpenFlag":"0","Name":""}],"ServiceIDs":[{"OpenFlag":"1","ServiceID":"300027"},{"OpenFlag":"1","ServiceID":"300026"},{"OpenFlag":"0","ServiceID":"300009"},{"OpenFlag":"0","ServiceID":"300008"},{"OpenFlag":"0","ServiceID":"300007"},{"OpenFlag":***
05-03 14:29:02(545460870340) CFG_TASK INFO: [Cfg_LoadPeerDeviceFile:201]cur dev app setting : {"Sign":"14966","VideoResample":"0","JpgResample":"1","ResampleHight":"1296","ResampleWidth":"2304","LampFlag":"0","LightMaxTime":"43200","LightLevelMode":"1","PlayRestrictionFlag":"0","PlayLenth":"0","ClickAlarm":"1","PriorStreamID":"1","ScreenSplit":{"OpenFlag":"0","SplitCamID":"0","ShownPrecent":"0"},"EncoderID":"0","AutoSwitchMode":"0"}
05-03 14:29:02(545460870340) CFG_TASK INFO: [Cfg_LoadPeerDeviceFile:210]cur dev chargelist : {"Sign":"0","AutoPayStatus":"0","DayExpireFlag":"0","EventExpireFlag":"0","Packages":[]}
05-03 14:29:02(10349162383376669892) cos ERR: [Cos_FileLoad:131]file open pucFileName:/data/user/0/com.huiyun.care.viewerpro.googleplay/files/Care/config/12000103c0537c93/channel.db
05-03 14:29:02(545460870340) CFG_TASK INFO: [Cfg_FindAndCreatPeerDevNode:358]add device 12000103c0537c93 groupid 22000101413a31a9 ok
05-03 14:29:02(10349162383376669892) cos ERR: [Cos_FileLoad:131]file open pucFileName:/data/user/0/com.huiyun.care.viewerpro.googleplay/files/Care/config/c1918db067cd7ffaef3352fc2e4a9/paidordercfg.db
05-03 14:29:02(10349162383376669892) cos ERR: [Cos_FileLoad:131]file open pucFileName:/data/user/0/com.huiyun.care.viewerpro.googleplay/files/Care/config/c1918db067cd7ffaef3352fc2e4a9/beveriorcfg.db
05-03 14:29:02(23748) MD_CACHE INFO: [Md_AuidoInit:52]audio init ok
05-03 14:29:02(23748) MD_CACHE INFO: [Md_VideoInit:57]media video init
05-03 14:29:02(23748) MD_MP4_MUXER INFO: [Md_Mp4Muxer_Init:45]mp4 muxer init ok
05-03 14:29:02(23748) MD_MP4 INFO: [Md_Mp4DeMuxer_Init:41]mp4 demuxer init ok
05-03 14:29:02(23748) TRAS_TASK INFO: [Tras_Malloc_SockBuf:26]malloc socket buff cnt 10 
05-03 14:29:02(545460870340) MUL_MEDIA INFO: [MultiMedia_Init:100]Task Init Ok
05-03 14:29:02(23748) TRAS_TASK INFO: [Tras_Malloc_SockBuf:26]malloc socket buff cnt 14 
05-03 14:29:02(214917741130308804) TRAS_HTTP INFO: [Tras_Httpclient_Init:161]Httpclient Initialize success!
05-03 14:29:02(12970367459402996932) DP_MNG INFO: [DiskSpace_Init:351]disk spce mng task init ok
05-03 14:29:02(12970367459402996932) EVENT_TASK INFO: [Event_Init:3188]notice module init
05-03 14:29:02(23748) CLOUD_TASK INFO: [Cloud_ResInit:38]cloud res init ok
05-03 14:29:02(23748) nvr_cfg INFO: [cfg_NVRMng_Init:155]Create msg queue 0xb400007cede1ff60 
05-03 14:29:02(12970367459402996932) ZJ_TASK INFO: [ZJ_Init:49]Client Sdk Version 3151001
05-03 14:29:02(23988) cos INFO: [Cos_ThreadProc:174]thread[HttpClientThread]:0xede1fde0 , threadid:23988 start ok
05-03 14:29:02(23748) PID_SA INFO: [Java_com_chinatelecom_smarthome_viewer_business_impl_NativeUser_init:171]enter function
05-03 14:29:02(23748) PID_SA INFO: [Java_com_chinatelecom_smarthome_viewer_business_impl_NativeDevice_init:1171]enter function
05-03 14:29:02(532575968452) PID_SA INFO: [Java_com_chinatelecom_smarthome_viewer_business_impl_NativeCommand_init:122]enter function
05-03 14:29:02(23748) PID_SA INFO: [Java_com_chinatelecom_smarthome_viewer_business_impl_NativeCommand_init:259]return function
05-03 14:29:02(23748) PID_CBST INFO: [Cbst_Dec_Init:20]Init ok
05-03 14:29:02(23748) PID_SA INFO: [Java_com_chinatelecom_smarthome_viewer_business_impl_NativeMedia_init:167]enter function
05-03 14:29:02(23748) PID_SA INFO: [Java_com_chinatelecom_smarthome_viewer_business_impl_NativeOld_init:66]enter function
05-03 14:29:02(532575968452) CFG_TASK INFO: [Cfg_SetCountryCode:268]set local contry GB
05-03 14:29:02(23748) CFG_TASK INFO: [Cfg_Task_Start:88]app use sdk version 51712001
05-03 14:29:02(23748) CMD_TASK INFO: [Cmd_Start:402]cmd task start ok
05-03 14:29:02(23991) cos INFO: [Cos_ThreadProc:174]thread[cmd_task]:0xede1ffc0 , threadid:23991 start ok
05-03 14:29:02(23990) cos INFO: [Cos_ThreadProc:174]thread[cfg_task]:0xede1fba0 , threadid:23990 start ok
05-03 14:29:02(23748) TRAS_TASK INFO: [TrasPeer_LoadDeviceList:329]Load Did 12000103c0537c93 CTEI 000CF025010605EL ok OldFlag 0
05-03 14:29:02(23748) TRAS_TASK INFO: [TrasPeer_LoadDeviceList:332]load group list number 2
05-03 14:29:02(23748) TRAS_TASK INFO: [TrasLink_GetLink:29]link task init OK
05-03 14:29:02(23748) TRAS_TASK INFO: [TrasBase_StartThread:442]Tras start threads running success
05-03 14:29:02(9250420048667892932) TRAS_TASK INFO: [Tras_Start:36]tras task start ok
05-03 14:29:02(23748) DP_MNG INFO: [DiskSpace_Start:368]disk spce mng task run ok
05-03 14:29:02(23999) cos INFO: [Cos_ThreadProc:174]thread[DP_TASK]:0xede202c0 , threadid:23999 start ok
05-03 14:29:02(23996) cos INFO: [Cos_ThreadProc:174]thread[TrasBaseSendThread]:0xede201a0 , threadid:23996 start ok
05-03 14:29:02(23997) cos INFO: [Cos_ThreadProc:174]thread[TunnelRecvThread]:0xede20200 , threadid:23997 start ok
05-03 14:29:02(541165903044) EVENT_TASK INFO: [Event_Start:3267]notice module start ok
05-03 14:29:02(23998) cos INFO: [Cos_ThreadProc:174]thread[MULTI_MEDIA]:0xede20260 , threadid:23998 start ok
05-03 14:29:02(532575968704) cos INFO: [Cos_ThreadProc:174]thread[Notice_Internal_Task]:0xede20320 , threadid:24000 start ok
05-03 14:29:02(24001) cos INFO: [Cos_ThreadProc:174]thread[CloudMng]:0xede203e0 , threadid:24001 start ok
05-03 14:29:02(23993) cos INFO: [Cos_ThreadProc:174]thread[cloud_block]:0xede20080 , threadid:23993 start ok
05-03 14:29:02(23994) cos INFO: [Cos_ThreadProc:174]thread[cloud_unblock]:0xede200e0 , threadid:23994 start ok
05-03 14:29:02(532575968696) cos INFO: [Cos_ThreadProc:174]thread[md_mng]:0xede20020 , threadid:23992 start ok
05-03 14:29:02(24002) cos INFO: [Cos_ThreadProc:174]thread[cloud res]:0xede20440 , threadid:24002 start ok
05-03 14:29:02(23995) cos INFO: [Cos_ThreadProc:174]thread[TrasBaseProcThread]:0xede20140 , threadid:23995 start ok
05-03 14:29:02(541165903044) CLOUD_TASK INFO: [Cloud_ResStart:79]cloud res start ok
05-03 14:29:02(9250420048667892932) CLOUD_TASK INFO: [Cloud_Start:67]cloud task start ok
05-03 14:29:02(24003) cos INFO: [Cos_ThreadProc:174]thread[CloudExternChan]:0xede204a0 , threadid:24003 start ok
05-03 14:29:02(8102650241368480964) BHAVR_TASK INFO: [Bhavr_Start:271]BHavior task start ok
05-03 14:29:02(23748) nvr_cfg INFO: [loadConfig:509]Group list count: 2
05-03 14:29:02(23748) nvr_cfg INFO: [loadConfig:515]Load group [1600010140c3ad11A0000001] devicelist[0] useflag[1]
05-03 14:29:02(23748) nvr_cfg INFO: [loadConfig:515]Load group [22000101413a31a9] devicelist[1] useflag[1]
05-03 14:29:02(23748) nvr_cfg INFO: [loadConfig:533]dev type did 12000103c0537c93 type 1 
05-03 14:29:02(24004) cos INFO: [Cos_ThreadProc:174]thread[BHavr_task]:0xede20380 , threadid:24004 start ok
05-03 14:29:02(24005) cos INFO: [Cos_ThreadProc:174]thread[nvr_cfg]:0xede20500 , threadid:24005 start ok
05-03 14:29:02(24005) nvr_cfg INFO: [taskManagerLoop:1358]Start Task manager
05-03 14:29:02(532575968711) cos INFO: [Cos_ThreadProc:174]thread[nvr_cfg]:0xede20560 , threadid:24007 start ok
05-03 14:29:02(3830366664818449863) nvr_cfg INFO: [updateConfigLoop:1670]Start update config loop
05-03 14:29:02(23748) CFG_TASK INFO: [Cfg_SetCountryCode:268]set local contry 
05-03 14:29:02(23748) PID_SA INFO: [Java_com_chinatelecom_smarthome_viewer_business_impl_NativeClient_writeLogToFile:118]I/DeviceBean: getDeviceName:GateCameras
05-03 14:29:02(23748) PID_SA INFO: [Java_com_chinatelecom_smarthome_viewer_business_impl_NativeClient_writeLogToFile:118]I/m0: device:realme,RMX3870,Android SDK:16,abi:arm64-v8a,appVersion:2.9.28
05-03 14:29:02(23748) PID_SA INFO: [Java_com_chinatelecom_smarthome_viewer_business_impl_NativeClient_writeLogToFile:118]I/m0: initHmSDKHelper  sdkDevConfigValue = false  av:2009281
05-03 14:29:02(23748) PID_SA INFO: [Java_com_chinatelecom_smarthome_viewer_business_impl_NativeUser_getOwnerVCardInfo:354]uiMarried:0,  uiSex:0, aucMobile:, aucEmail:, aucAddress:,aucBirthday:, aucCity:, aucCountry:GB,aucVMid:, aucNickName:, aucProvice:,aucPhotoProfile:,aucRegPeriod:,
05-03 14:29:02(12970367463697964228) PID_SA INFO: [Java_com_chinatelecom_smarthome_viewer_business_impl_NativeClient_writeLogToFile:118]I/HmAdManager: initAdSdk  ALL
05-03 14:29:02(12970367463697964228) PID_SA INFO: [Java_com_chinatelecom_smarthome_viewer_business_impl_NativeClient_writeLogToFile:118]I/AdmobAdManager: initAdSdk
05-03 14:29:02(23748) PID_SA INFO: [Java_com_chinatelecom_smarthome_viewer_business_impl_NativeClient_writeLogToFile:118]I/AdViewModel: CareApplication AdViewModel.fetchAdList()
05-03 14:29:02(23748) PID_SA INFO: [Java_com_chinatelecom_smarthome_viewer_business_impl_NativeClient_writeLogToFile:118]I/AdViewModel: fetchAdList 1
05-03 14:29:02(23748) PID_SA INFO: [Java_com_chinatelecom_smarthome_viewer_business_impl_NativeClient_writeLogToFile:118]I/HmAdManager: getAdQuestStatus mIsLoginRequest=true
05-03 14:29:02(23748) PID_SA INFO: [Java_com_chinatelecom_smarthome_viewer_business_impl_NativeClient_writeLogToFile:118]I/HmAdManager: cacheAdRequestStatus mIsLoginRequest=false
05-03 14:29:02(23748) PID_SA INFO: [Java_com_chinatelecom_smarthome_viewer_business_impl_NativeClient_writeLogToFile:118]I/AdViewModel: fetchAdList 2
05-03 14:29:02(23748) PID_SA INFO: [Java_com_chinatelecom_smarthome_viewer_business_impl_NativeClient_writeLogToFile:118]I/AdViewModel: doFetchAdList
05-03 14:29:02(12970367463697964228) PID_SA INFO: [Java_com_chinatelecom_smarthome_viewer_business_impl_NativeClient_writeLogToFile:118]I/HmLaunch: androidId:511ec1bb3bbb64c4
05-03 14:29:02(23827) PID_SA INFO: [Java_com_chinatelecom_smarthome_viewer_business_impl_NativeClient_writeLogToFile:118]I/AdViewModel: uid is empty, retry 1/3 after 3000ms
05-03 14:29:02(23827) PID_SA INFO: [Java_com_chinatelecom_smarthome_viewer_business_impl_NativeClient_writeLogToFile:118]I/HmAdManager: getAdQuestStatus mIsLoginRequest=false
05-03 14:29:02(23827) PID_SA INFO: [Java_com_chinatelecom_smarthome_viewer_business_impl_NativeClient_writeLogToFile:118]I/AdViewModel: requestAdListFromServer requestStatus: false，countryCode：GB
05-03 14:29:02(532575968531) PID_SA INFO: [Java_com_chinatelecom_smarthome_viewer_business_impl_NativeUser_GetDomainAddr:1672]HM_GetDomainAddr ret = 0,  aucSvrDomain:, aucWebDomain:, aucLogDomain:, aucAlexaDomain:
05-03 14:29:02(23827) PID_SA INFO: [Java_com_chinatelecom_smarthome_viewer_business_impl_NativeClient_writeLogToFile:118]I/HmHostConfig: hostInfo:{svrHost:,webHost:,logHost:,alexaHost:}
05-03 14:29:02(23828) PID_SA INFO: [Java_com_chinatelecom_smarthome_viewer_business_impl_NativeClient_writeLogToFile:118]I/ZJUtil: getCountryID: IN
05-03 14:29:02(532575968533) PID_SA INFO: [Java_com_chinatelecom_smarthome_viewer_business_impl_NativeClient_writeLogToFile:118]I/ZJUtil: getCountryID: IN
05-03 14:29:02(532575968531) PID_SA INFO: [Java_com_chinatelecom_smarthome_viewer_business_impl_NativeUser_GetDomainAddr:1672]HM_GetDomainAddr ret = 0,  aucSvrDomain:, aucWebDomain:, aucLogDomain:, aucAlexaDomain:
05-03 14:29:02(23827) PID_SA INFO: [Java_com_chinatelecom_smarthome_viewer_business_impl_NativeClient_writeLogToFile:118]I/HmHostConfig: hostInfo:{svrHost:,webHost:,logHost:,alexaHost:}
05-03 14:29:02(532575968531) PID_SA INFO: [Java_com_chinatelecom_smarthome_viewer_business_impl_NativeUser_GetDomainAddr:1672]HM_GetDomainAddr ret = 0,  aucSvrDomain:, aucWebDomain:, aucLogDomain:, aucAlexaDomain:
05-03 14:29:02(23827) PID_SA INFO: [Java_com_chinatelecom_smarthome_viewer_business_impl_NativeClient_writeLogToFile:118]I/HmHostConfig: hostInfo:{svrHost:,webHost:,logHost:,alexaHost:}
05-03 14:29:02(12970367463697964491) PID_SA INFO: [Java_com_chinatelecom_smarthome_viewer_business_impl_NativeClient_writeLogToFile:118]I/AdmobAdManager: initAdSdk adInfo.id:fd3204f0-0817-4f5e-8458-8787d6193771
05-03 14:29:02(532575968531) PID_SA INFO: [Java_com_chinatelecom_smarthome_viewer_business_impl_NativeUser_GetDomainAddr:1672]HM_GetDomainAddr ret = 0,  aucSvrDomain:, aucWebDomain:, aucLogDomain:, aucAlexaDomain:
05-03 14:29:02(23827) PID_SA INFO: [Java_com_chinatelecom_smarthome_viewer_business_impl_NativeClient_writeLogToFile:118]I/HmHostConfig: hostInfo:{svrHost:,webHost:,logHost:,alexaHost:}
05-03 14:29:02(532575968531) PID_SA INFO: [Java_com_chinatelecom_smarthome_viewer_business_impl_NativeUser_GetDomainAddr:1672]HM_GetDomainAddr ret = 0,  aucSvrDomain:, aucWebDomain:, aucLogDomain:, aucAlexaDomain:
05-03 14:29:02(23827) PID_SA INFO: [Java_com_chinatelecom_smarthome_viewer_business_impl_NativeClient_writeLogToFile:118]I/HmHostConfig: hostInfo:{svrHost:,webHost:,logHost:,alexaHost:}
05-03 14:29:02(532575968531) PID_SA INFO: [Java_com_chinatelecom_smarthome_viewer_business_impl_NativeUser_GetDomainAddr:1672]HM_GetDomainAddr ret = 0,  aucSvrDomain:, aucWebDomain:, aucLogDomain:, aucAlexaDomain:
05-03 14:29:02(23827) PID_SA INFO: [Java_com_chinatelecom_smarthome_viewer_business_impl_NativeClient_writeLogToFile:118]I/HmHostConfig: hostInfo:{svrHost:,webHost:,logHost:,alexaHost:}
05-03 14:29:02(532575968531) PID_SA INFO: [Java_com_chinatelecom_smarthome_viewer_business_impl_NativeUser_GetDomainAddr:1672]HM_GetDomainAddr ret = 0,  aucSvrDomain:, aucWebDomain:, aucLogDomain:, aucAlexaDomain:
05-03 14:29:02(23827) PID_SA INFO: [Java_com_chinatelecom_smarthome_viewer_business_impl_NativeClient_writeLogToFile:118]I/HmHostConfig: hostInfo:{svrHost:,webHost:,logHost:,alexaHost:}
05-03 14:29:02(532575968531) PID_SA INFO: [Java_com_chinatelecom_smarthome_viewer_business_impl_NativeUser_GetDomainAddr:1672]HM_GetDomainAddr ret = 0,  aucSvrDomain:, aucWebDomain:, aucLogDomain:, aucAlexaDomain:
05-03 14:29:02(23827) PID_SA INFO: [Java_com_chinatelecom_smarthome_viewer_business_impl_NativeClient_writeLogToFile:118]I/HmHostConfig: hostInfo:{svrHost:,webHost:,logHost:,alexaHost:}
05-03 14:29:02(532575968531) PID_SA INFO: [Java_com_chinatelecom_smarthome_viewer_business_impl_NativeUser_GetDomainAddr:1672]HM_GetDomainAddr ret = 0,  aucSvrDomain:, aucWebDomain:, aucLogDomain:, aucAlexaDomain:
05-03 14:29:02(23827) PID_SA INFO: [Java_com_chinatelecom_smarthome_viewer_business_impl_NativeClient_writeLogToFile:118]I/HmHostConfig: hostInfo:{svrHost:,webHost:,logHost:,alexaHost:}
05-03 14:29:03(23827) PID_SA INFO: [Java_com_chinatelecom_smarthome_viewer_business_impl_NativeClient_writeLogToFile:118]I/AdViewModel: getAdList uid is  1600010140c3ad11
05-03 14:29:03(24059) PID_SA INFO: [Java_com_chinatelecom_smarthome_viewer_business_impl_NativeClient_writeLogToFile:118]I/RetrofitLog: retrofitBack = --> POST https://ims.smartcloudcon.com/loghub/app/getEventUploadEndpoint
05-03 14:29:03(532575968763) PID_SA INFO: [Java_com_chinatelecom_smarthome_viewer_business_impl_NativeClient_writeLogToFile:118]I/RetrofitLog: retrofitBack = Content-Type: application/json; charset=UTF-8
05-03 14:29:03(532575968763) PID_SA INFO: [Java_com_chinatelecom_smarthome_viewer_business_impl_NativeClient_writeLogToFile:118]I/RetrofitLog: retrofitBack = Content-Length: 149
05-03 14:29:03(532575968763) PID_SA INFO: [Java_com_chinatelecom_smarthome_viewer_business_impl_NativeClient_writeLogToFile:118]I/RetrofitLog: retrofitBack = 
05-03 14:29:03(528281001467) PID_SA INFO: [Java_com_chinatelecom_smarthome_viewer_business_impl_NativeClient_writeLogToFile:118]I/RetrofitLog: retrofitBack = {"METHOD":"3820","BODY":{"CountryCode":"IN","CompanyID":"0000213ed0cdb8bc","AppID":"1593592778513070","UID":"","AppVersion":"2.9.28"},"SEQID":"3267"}
05-03 14:29:03(528281001467) PID_SA INFO: [Java_com_chinatelecom_smarthome_viewer_business_impl_NativeClient_writeLogToFile:118]I/RetrofitLog: retrofitBack = --> END POST (149-byte body)
05-03 14:29:03(38654729726) PID_SA INFO: [Java_com_chinatelecom_smarthome_viewer_business_impl_NativeClient_writeLogToFile:118]I/RetrofitLog: retrofitBack = --> POST https://exsvr.smartcloudcon.com/adx/strategy/getList
05-03 14:29:03(38654729726) PID_SA INFO: [Java_com_chinatelecom_smarthome_viewer_business_impl_NativeClient_writeLogToFile:118]I/RetrofitLog: retrofitBack = Content-Type: application/json; charset=UTF-8
05-03 14:29:03(38654729726) PID_SA INFO: [Java_com_chinatelecom_smarthome_viewer_business_impl_NativeClient_writeLogToFile:118]I/RetrofitLog: retrofitBack = Content-Length: 125
05-03 14:29:03(38654729726) PID_SA INFO: [Java_com_chinatelecom_smarthome_viewer_business_impl_NativeClient_writeLogToFile:118]I/RetrofitLog: retrofitBack = 
05-03 14:29:03(528281001470) PID_SA INFO: [Java_com_chinatelecom_smarthome_viewer_business_impl_NativeClient_writeLogToFile:118]I/RetrofitLog: retrofitBack = {"AppID":"1593592778513070","AppVersion":"2.9.28","CompanyID":"0000213ed0cdb8bc","CountryCode":"GB","UID":"1600010140c3ad11"}
05-03 14:29:03(528281001470) PID_SA INFO: [Java_com_chinatelecom_smarthome_viewer_business_impl_NativeClient_writeLogToFile:118]I/RetrofitLog: retrofitBack = --> END POST (125-byte body)
05-03 14:29:03(23748) PID_SA INFO: [Java_com_chinatelecom_smarthome_viewer_business_impl_NativeClient_writeLogToFile:118]I/ZJViewerSdk: connectionChangeReceiver, network changed
05-03 14:29:03(23748) PID_SA INFO: [Java_com_chinatelecom_smarthome_viewer_business_impl_NativeClient_writeLogToFile:118]I/CurrentWiFiInfo: wifiInfo:SSID: <unknown ssid>, BSSID: 02:00:00:00:00:00, MAC: 02:00:00:00:00:00, IP: /192.168.0.136, Security type: 2, Supplicant state: COMPLETED, Wi-Fi standard: 11ax, RSSI: -50, Link speed: 154Mbps, Tx Link speed: 154Mbps, Max Supported Tx Link speed: 286Mbps, Rx Link speed: 229Mbps, Max Supported Rx Link speed: 286Mbps, Frequency: 2422MHz, Net ID: -1, Metered hint: false, score: 60, isUsable: true, CarrierMerged: false, SubscriptionId: -1, IsPrimary: -1, Trusted: true, Restricted: false, Ephemeral: false, OEM paid: false, OEM private: false, OSU AP: false, FQDN: <none>, Provider friendly name: <none>, Requesting package name: <none><none>MLO Information: , Is TID-To-Link negotiation supported by the AP: false, AP MLD Address: <none>, AP MLO Link Id: <none>, AP MLO Affiliated links: <none>, Vendor Data: <none>,ssid:<unknown ssid>
05-03 14:29:03(12970367463697964228) PID_SA INFO: [Java_com_chinatelecom_smarthome_viewer_business_impl_NativeClient_writeLogToFile:118]I/CurrentWiFiInfo: dhcp - ipaddr 192.168.0.136 gateway 192.168.0.1 netmask 0.0.0.0 dns1 192.168.0.1 dns2 0.0.0.0 DHCP server 192.168.0.1 lease 7200 seconds
05-03 14:29:03(23748) PID_SA INFO: [Java_com_chinatelecom_smarthome_viewer_business_impl_NativeClient_writeLogToFile:118]I/ZJViewerSdk: currentWiFiInfo:isConnected:true,ssid:,gateIp:192.168.0.1, lastGateIP: 
05-03 14:29:03(532575968452) PID_SA INFO: [Java_com_chinatelecom_smarthome_viewer_business_impl_NativeClient_writeLogToFile:118]getNetType123: flag = true  getTypeName = WIFI
05-03 14:29:03(23748) TRAS_TASK INFO: [Tras_SetNetworkType:71]set net work type 2 
05-03 14:29:03(23995) CFG_TASK INFO: [Cfg_SetPeerDevCanUseStatus:636]set device 12000103c0537c93 oldflag 0 group 22000101413a31a9 can use status 0
05-03 14:29:03(12970367459402997179) nvr_cfg WARN: [cfg_OnPeerDeviceStatusChange:454]Ignonre 12000103c0537c93 status changed
05-03 14:29:03(532575968699) PID_SA INFO: [FUN_DEVICE_STATUS:1240]FUN_DEVICE_STATUS deviceId:12000103c0537c93, status:1
05-03 14:29:03(12970367463697964475) TRAS_TASK INFO: [TrasPeer_ProcStatusCbFlag:630]device 12000103c0537c93 online status 1
05-03 14:29:03(23995) TRAS_TASK INFO: [TrasBase_ProcThread:495]net work change proc ok
05-03 14:29:03(23995) PID_SA INFO: [FUN_SERVER_STATUS:2529]FUN_SERVER_STATUS enServerStatus:0, iErr:0
05-03 14:29:03(23995) cos INFO: [Cand_InetGetLocalIps:370]start getLocalIp wlan0 ip= <192.168.0.136>.
05-03 14:29:03(12970367459402997179) TRAS_TASK INFO: [TrasNat_GetLocalIP:57]udpPort 192.168.0.136:7749 has been setted 
05-03 14:29:03(23748) PID_SA INFO: [Java_com_chinatelecom_smarthome_viewer_business_impl_NativeClient_writeLogToFile:118]I/LowPowerHeart: onDeviceStateChange awakeDevice groupId:22000101413a31a9//deviceId:12000103c0537c93//status:1//StatusEnum:1//statusName:ONLINE
05-03 14:29:03(23748) PID_SA INFO: [Java_com_chinatelecom_smarthome_viewer_business_impl_NativeClient_writeLogToFile:118]I/m0: onDeviceStateChange groupId:22000101413a31a9,deviceId:12000103c0537c93,devicePresenceState:1   deviceType = CAMERA  awakeAbility:NOT_SUPPORT
05-03 14:29:03(23748) PID_SA INFO: [Java_com_chinatelecom_smarthome_viewer_business_impl_NativeClient_writeLogToFile:118]I/m0: onSelfAuthStateChange serverStatus:0,hmError:0
05-03 14:29:03(12970367463697964491) PID_SA INFO: [Java_com_chinatelecom_smarthome_viewer_business_impl_NativeClient_writeLogToFile:118]I/AdmobAdManager: isTestDevice:false
05-03 14:29:03(23985) cos INFO: [Cos_InetMgrProc:137]get local host ok ip 0 passive 1
05-03 14:29:03(532575968699) cos INFO: [Cos_SocketOpen:377]socket<206> open ok
05-03 14:29:03(12970367459402997179) TRAS_TASK INFO: [TrasLocalLan_ListenTCP:381]Lan TCP Listen OK socket type 0 Port:15668
05-03 14:29:03(23995) cos INFO: [Cos_SocketOpen:377]socket<207> open ok
05-03 14:29:03(12970367459402997179) TRAS_TASK INFO: [TrasLocalLan_ListenUDP:322]Lan UDP listen OK.socket type 0 Port 17758
05-03 14:29:03(10349162383376670139) cos INFO: [Cos_SocketOpen:377]socket<208> open ok
05-03 14:29:03(23995) cos INFO: [Cand_InetGetLocalIps:370]start getLocalIp wlan0 ip= <192.168.0.136>.
05-03 14:29:03(23995) TRAS_TASK INFO: [TrasLocalLan_Broadcast:151]send boadcast ok to peer port 16658
05-03 14:29:03(532575968699) cos INFO: [Cos_SocketClose:390]socket<208> closed
05-03 14:29:03(23985) cos INFO: [Cos_InetMgrProc:133]get host 224.66.68.55 ok ip 927220448 passive 0
05-03 14:29:03(532575968699) cos INFO: [Cos_SocketOpen:377]socket<242> open ok
05-03 14:29:03(532575968699) cos INFO: [Cos_SocketClose:390]socket<242> closed
05-03 14:29:03(23995) cos INFO: [Cos_SocketOpen:377]socket<242> open ok
05-03 14:29:03(532575968699) cos INFO: [Cos_SocketClose:390]socket<242> closed
05-03 14:29:03(12970367459402997179) TRAS_TASK INFO: [TrasLocalLan_SearchDevice:189]locallan send boadcast ok
05-03 14:29:03(532575968699) PID_SA INFO: [FUN_SERVER_STATUS:2529]FUN_SERVER_STATUS enServerStatus:1, iErr:0
05-03 14:29:03(23985) cos INFO: [Cos_InetMgrProc:133]get host 43.133.96.204 ok ip 3428877611 passive 0
05-03 14:29:03(532575968699) cos INFO: [Cos_SocketOpen:377]socket<262> open ok
05-03 14:29:03(532575968699) TRAS_TASK INFO: [TrasLink_Connect:245]Link Connect Addr:43.133.96.204:19336,ConnFlag:1
05-03 14:29:03(10349162383376670139) cos INFO: [Cos_SocketOpen:377]socket<263> open ok
05-03 14:29:03(23995) cos INFO: [Cand_InetGetLocalIps:370]start getLocalIp wlan0 ip= <192.168.0.136>.
05-03 14:29:03(23995) cos ERR: [Cos_SocketErrFilterToLog:658]Cand_SocketSendTo:693 has error<13>
05-03 14:29:03(532575968699) TRAS_TASK INFO: [TrasLocalLan_Broadcast:151]send boadcast ok to peer port 16658
05-03 14:29:03(532575968699) cos INFO: [Cos_SocketClose:390]socket<263> closed
05-03 14:29:03(1675037269435) TRAS_TASK INFO: [TrasLocalLan_SearchDevice:189]locallan send boadcast ok
05-03 14:29:03(9268126558151794107) cos INFO: [Cos_SocketOpen:377]socket<277> open ok
05-03 14:29:03(12970367459402997179) TRAS_TASK INFO: [TrasOldLan_ListenTCP:261]Listen success, the port is 9001.
05-03 14:29:03(532575968699) cos INFO: [Cos_SocketOpen:377]socket<278> open ok
05-03 14:29:03(532575968699) cos INFO: [Cos_SocketOpen:377]socket<279> open ok
05-03 14:29:03(23995) cos INFO: [Cand_InetGetLocalIps:370]start getLocalIp wlan0 ip= <192.168.0.136>.
05-03 14:29:03(12970367459402997179) TRAS_TASK INFO: [TrasOldLan_SendBroadcast:147]get local ip 192.168.0.136:5564
05-03 14:29:03(532575968699) cos INFO: [Cos_SocketClose:390]socket<279> closed
05-03 14:29:03(12970367459402997179) TRAS_TASK INFO: [TrasOldLan_SendBroadcast:168]send broadcast ok lancnt 0
05-03 14:29:03(23995) cos INFO: [Cos_SocketOpen:377]socket<273> open ok
05-03 14:29:03(23995) cos INFO: [Cand_InetGetLocalIps:370]start getLocalIp wlan0 ip= <192.168.0.136>.
05-03 14:29:03(12970367459402997179) TRAS_TASK INFO: [TrasOldLan_SendBroadcast:147]get local ip 192.168.0.136:5564
05-03 14:29:03(532575968699) cos INFO: [Cos_SocketClose:390]socket<273> closed
05-03 14:29:03(12970367459402997179) TRAS_TASK INFO: [TrasOldLan_SendBroadcast:168]send broadcast ok lancnt 130
05-03 14:29:03(23995) cos INFO: [Cos_SocketOpen:377]socket<279> open ok
05-03 14:29:03(23995) cos INFO: [Cand_InetGetLocalIps:370]start getLocalIp wlan0 ip= <192.168.0.136>.
05-03 14:29:03(12970367459402997179) TRAS_TASK INFO: [TrasOldLan_SendBroadcast:147]get local ip 192.168.0.136:5564
05-03 14:29:03(23995) cos ERR: [Cos_SocketErrFilterToLog:665]Cand_SocketSendTo:693 has error<13>, has 30 times
05-03 14:29:03(23995) cos ERR: [Cos_SocketErrFilterToLog:665]Cand_SocketSendTo:693 has error<13>, has 60 times
05-03 14:29:03(23995) cos ERR: [Cos_SocketErrFilterToLog:665]Cand_SocketSendTo:693 has error<13>, has 90 times
05-03 14:29:03(23995) cos ERR: [Cos_SocketErrFilterToLog:665]Cand_SocketSendTo:693 has error<13>, has 120 times
05-03 14:29:03(532575968699) cos INFO: [Cos_SocketClose:390]socket<279> closed
05-03 14:29:03(12970367459402997179) TRAS_TASK INFO: [TrasOldLan_SendBroadcast:168]send broadcast ok lancnt 260
05-03 14:29:03(532575968699) TRAS_TASK INFO: [TrasBase_ProcBaseSock:703]Link Connect Addr:43.133.96.204:19336,ConnectFlag is: 2
05-03 14:29:03(532575968766) PID_SA INFO: [Java_com_chinatelecom_smarthome_viewer_business_impl_NativeClient_writeLogToFile:118]I/RetrofitLog: retrofitBack = <-- 200 OK https://exsvr.smartcloudcon.com/adx/strategy/getList (770ms)
05-03 14:29:03(24062) PID_SA INFO: [Java_com_chinatelecom_smarthome_viewer_business_impl_NativeClient_writeLogToFile:118]I/RetrofitLog: retrofitBack = Server: nginx/1.17.4
05-03 14:29:03(24062) PID_SA INFO: [Java_com_chinatelecom_smarthome_viewer_business_impl_NativeClient_writeLogToFile:118]I/RetrofitLog: retrofitBack = Date: Sun, 03 May 2026 08:59:02 GMT
05-03 14:29:03(24062) PID_SA INFO: [Java_com_chinatelecom_smarthome_viewer_business_impl_NativeClient_writeLogToFile:118]I/RetrofitLog: retrofitBack = Content-Type: application/json; charset=utf-8
05-03 14:29:03(24062) PID_SA INFO: [Java_com_chinatelecom_smarthome_viewer_business_impl_NativeClient_writeLogToFile:118]I/RetrofitLog: retrofitBack = Content-Length: 114
05-03 14:29:03(24062) PID_SA INFO: [Java_com_chinatelecom_smarthome_viewer_business_impl_NativeClient_writeLogToFile:118]I/RetrofitLog: retrofitBack = Connection: keep-alive
05-03 14:29:03(528281001470) PID_SA INFO: [Java_com_chinatelecom_smarthome_viewer_business_impl_NativeClient_writeLogToFile:118]I/RetrofitLog: retrofitBack = Access-Control-Allow-Credentials: true
05-03 14:29:03(528281001470) PID_SA INFO: [Java_com_chinatelecom_smarthome_viewer_business_impl_NativeClient_writeLogToFile:118]I/RetrofitLog: retrofitBack = Access-Control-Allow-Headers: *
05-03 14:29:03(528281001470) PID_SA INFO: [Java_com_chinatelecom_smarthome_viewer_business_impl_NativeClient_writeLogToFile:118]I/RetrofitLog: retrofitBack = Access-Control-Allow-Methods: POST, GET, OPTIONS, PUT, DELETE, UPDATE
05-03 14:29:03(528281001470) PID_SA INFO: [Java_com_chinatelecom_smarthome_viewer_business_impl_NativeClient_writeLogToFile:118]I/RetrofitLog: retrofitBack = Access-Control-Allow-Origin: *
05-03 14:29:03(528281001470) PID_SA INFO: [Java_com_chinatelecom_smarthome_viewer_business_impl_NativeClient_writeLogToFile:118]I/RetrofitLog: retrofitBack = Access-Control-Expose-Headers: Content-Length, Access-Control-Allow-Origin, Access-Control-Allow-Headers, Cache-Control, Content-Language, Content-Type
05-03 14:29:03(528281001470) PID_SA INFO: [Java_com_chinatelecom_smarthome_viewer_business_impl_NativeClient_writeLogToFile:118]I/RetrofitLog: retrofitBack = 
05-03 14:29:03(528281001470) PID_SA INFO: [Java_com_chinatelecom_smarthome_viewer_business_impl_NativeClient_writeLogToFile:118]I/RetrofitLog: retrofitBack = {"code":"0","data":{"AdTagKey":"","AdStrategyUuid":"","AdStrategyName":"","StrategyDefaultConfig":{},"AdList":[]}}
05-03 14:29:03(532575968766) PID_SA INFO: [Java_com_chinatelecom_smarthome_viewer_business_impl_NativeClient_writeLogToFile:118]I/RetrofitLog: retrofitBack = <-- END HTTP (114-byte body)
05-03 14:29:03(23827) PID_SA INFO: [Java_com_chinatelecom_smarthome_viewer_business_impl_NativeClient_writeLogToFile:118]I/AdViewModel: getAdList isSuccessful is  true
05-03 14:29:03(532575968699) PID_SA INFO: [FUN_SERVER_STATUS:2529]FUN_SERVER_STATUS enServerStatus:2, iErr:0
05-03 14:29:03(532575968699) TRAS_TASK INFO: [TrasPeer_LoadDeviceList:329]Load Did 12000103c0537c93 CTEI 000CF025010605EL ok OldFlag 0
05-03 14:29:03(532575968699) TRAS_TASK INFO: [TrasPeer_LoadDeviceList:332]load group list number 2
05-03 14:29:03(532575968699) TRAS_TASK INFO: [TrasLink_AuthUserToken:188]ogct 4 send login requst body {"METHOD":"4116","SEQID":"4","BODY":{"UserToken":"1600010140c3ad111p3g5jmo63upuvo5","SDKVersion":"51712001","WebDomainAbilty":"1","TestFlag":"1"}} iRet 0 
05-03 14:29:03(532575968699) CFG_TASK INFO: [Cfg_SetPeerDevCanUseStatus:636]set device 12000103c0537c93 oldflag 0 group 22000101413a31a9 can use status 0
05-03 14:29:03(12970367459402997179) nvr_cfg WARN: [cfg_OnPeerDeviceStatusChange:454]Ignonre 12000103c0537c93 status changed
05-03 14:29:03(532575968699) PID_SA INFO: [FUN_DEVICE_STATUS:1240]FUN_DEVICE_STATUS deviceId:12000103c0537c93, status:1
05-03 14:29:03(12970367463697964475) TRAS_TASK INFO: [TrasPeer_ProcStatusCbFlag:630]device 12000103c0537c93 online status 1
05-03 14:29:03(10349162383376669892) PID_SA INFO: [Java_com_chinatelecom_smarthome_viewer_business_impl_NativeClient_writeLogToFile:118]I/m0: onSelfAuthStateChange serverStatus:1,hmError:0
05-03 14:29:04(23995) CFG_TASK INFO: [Cfg_Task_RecvGetDomainRsp:45]ocgt 3 recv get domain rsp code 0
05-03 14:29:04(23995) PID_SA INFO: [FUN_SERVER_STATUS:2529]FUN_SERVER_STATUS enServerStatus:4, iErr:0
05-03 14:29:04(532575968699) TRAS_TASK INFO: [TrasLink_ProcAuthTokenRsp:292]ogct 4 recv auth rsp code 0 
05-03 14:29:04(532575968699) TRAS_TASK INFO: [TrasNat_GetNatServer:144]ogct 5 Get Detect Server Addr iRet 0 
05-03 14:29:04(532575968699) TRAS_TASK INFO: [TrasPeer_GetProxySvr:892]ogct 6 start get proxy for peerid 12000103c0537c93 Relay mode 0 gid 22000101413a31a9 iret 0
05-03 14:29:04(23748) PID_SA INFO: [Java_com_chinatelecom_smarthome_viewer_business_impl_NativeClient_writeLogToFile:118]I/AdViewModel: fetchAdList response invalid, use fallback
05-03 14:29:04(23748) PID_SA INFO: [Java_com_chinatelecom_smarthome_viewer_business_impl_NativeClient_writeLogToFile:118]I/HmAdManager: getDefaultAdListFromLocal size=4
05-03 14:29:04(23748) PID_SA INFO: [Java_com_chinatelecom_smarthome_viewer_business_impl_NativeClient_writeLogToFile:118]I/AdViewModel: loadFallbackDefault use getDefaultAdList local cache, size=4
05-03 14:29:04(23748) PID_SA INFO: [Java_com_chinatelecom_smarthome_viewer_business_impl_NativeClient_writeLogToFile:118]I/HmAdManager: cacheAdListData size=4, count=8
05-03 14:29:04(536870935748) PID_SA INFO: [Java_com_chinatelecom_smarthome_viewer_business_impl_NativeClient_writeLogToFile:118]I/m0: onSelfAuthStateChange serverStatus:2,hmError:0
05-03 14:29:04(545460870340) PID_SA INFO: [Java_com_chinatelecom_smarthome_viewer_business_impl_NativeClient_writeLogToFile:118]I/LowPowerHeart: onDeviceStateChange awakeDevice groupId:22000101413a31a9//deviceId:12000103c0537c93//status:1//StatusEnum:1//statusName:ONLINE
05-03 14:29:04(545460870340) PID_SA INFO: [Java_com_chinatelecom_smarthome_viewer_business_impl_NativeClient_writeLogToFile:118]I/m0: onDeviceStateChange groupId:22000101413a31a9,deviceId:12000103c0537c93,devicePresenceState:1   deviceType = CAMERA  awakeAbility:NOT_SUPPORT
05-03 14:29:04(532575968704) EVENT_TASK INFO: [Event_GetEventCalender:2345]Get event calender req route store reqid [7] device id [12000103c0537c93] channel[-1] from day [1970-01-01]
05-03 14:29:04(532575968704) EVENT_TASK INFO: [Event_GetEventCalender_Req_ProcMsg:1803]reqid 7 creat get event calender task OK router 2
05-03 14:29:04(532575968704) EVENT_TASK INFO: [Event_SendGetEventCalenderReqToStore:172]ogct 8 send req msg {"METHOD":"3514","SEQID":"8","BODY":{"Date":"1970-01-01","DID":"12000103c0537c93","ChannelNum":"-1","Today":"2026-05-03","OwnerID":"1600010140c3ad11"}}
05-03 14:29:04(23748) PID_SA INFO: [Java_com_chinatelecom_smarthome_viewer_business_impl_NativeClient_writeLogToFile:118]I/m0: onSelfAuthStateChange serverStatus:4,hmError:0
05-03 14:29:04(23748) ZJ_TASK INFO: [ZJ_GetPaasPlatAccessToken:3766]ogct 9 get paasplat token iRet 0
05-03 14:29:04(23748) PID_SA INFO: [Java_com_chinatelecom_smarthome_viewer_business_impl_NativeClient_writeLogToFile:118]I/ZJUtil: getCountryID: IN
05-03 14:29:04(23995) TRAS_TASK INFO: [TrasNat_ParseGetNatSvrRsp:119]ogct 5 recv rsp code 0 natip 156.59.51.51:30194 encflag 0
05-03 14:29:04(23829) PID_SA INFO: [Java_com_chinatelecom_smarthome_viewer_business_impl_NativeClient_writeLogToFile:118]I/ZJUtil: getCountryID: IN
05-03 14:29:04(532575968452) PID_SA INFO: [Java_com_chinatelecom_smarthome_viewer_business_impl_NativeClient_writeLogToFile:118]onInitPushSuccess: regid = eTaw3UHwT7yXDsUUjIDjw_:APA91bGOPrHHfPX6BI8lyu8Xuh2S_tcCJ1X6J2fTnbEulnllK4sV-ag66RoIN9ctFMucYPCZ7nWJDLxUD71DTrCmEUFuwrP9Ejga3KAQWdqdxzB2QJfr-f8
05-03 14:29:04(23748) ZJ_TASK INFO: [ZJ_SetPushToken:1024]ogct 10 set pushtoken eTaw3UHwT7yXDsUUjIDjw_:APA91bGOPrHHfPX6BI8lyu8Xuh2S_tcCJ1X6J2fTnbEulnllK4sV-ag66RoIN9ctFMucYPCZ7nWJDLxUD71DTrCmEUFuwrP9Ejga3KAQWdqdxzB2QJfr-f8 iRet 0
05-03 14:29:04(532575968689) cos INFO: [Cos_InetMgrProc:133]get host 156.59.51.50 ok ip 842218396 passive 0
05-03 14:29:04(23995) cos INFO: [Cos_SocketOpen:377]socket<349> open ok
05-03 14:29:04(532575968699) TRAS_TASK INFO: [TrasP2PSlot_NewTcp:26]p2pslot creat tcp slot 0xb400007be80dde80 peer addr: 156.59.51.50:port:25006
05-03 14:29:04(532575968699) TRAS_TASK INFO: [TrasPeer_ParseGetProxySvrRsp:1228]ogct 6 recv rsp code 0 prxoy 156.59.51.50:25006 enctype 49
05-03 14:29:04(23748) PID_SA INFO: [Java_com_chinatelecom_smarthome_viewer_business_impl_NativeClient_writeLogToFile:118]I/AdmobAdManager: initializationStatus = {com.google.android.gms.ads.MobileAds=com.google.android.gms.internal.ads.zzblp@b01bb86, com.google.ads.mediation.vungle.VungleMediationAdapter=com.google.android.gms.internal.ads.zzblp@683dc47, com.google.ads.mediation.facebook.FacebookMediationAdapter=com.google.android.gms.internal.ads.zzblp@92c9c74, com.google.ads.mediation.mintegral.MintegralMediationAdapter=com.google.android.gms.internal.ads.zzblp@562259d, com.google.ads.mediation.pangle.PangleMediationAdapter=com.google.android.gms.internal.ads.zzblp@6ae0a12}
05-03 14:29:04(12970367463697964228) PID_SA INFO: [Java_com_chinatelecom_smarthome_viewer_business_impl_NativeClient_writeLogToFile:118]I/HmAdManager: isInitSuccess:true
05-03 14:29:04(536870936004) BHAVR_TASK INFO: [BHavr_ProcRecvMsg:30]BHavior Add new opt BussID 0 bussinf {"Country":"IN","CompanyID":"0000213ed0cdb8bc","AppID":"1593592778513070","DeviceLanguage":"2","DeviceBrand":"realme","AppVersion":"2.9.28","SessionID":"45dd081e-b984-45ce-b3e2-3ea207699e4c35300654","EventTime":"1777798744147"}
05-03 14:29:04(532575968689) cos INFO: [Cos_InetMgrProc:133]get host 156.59.51.51 ok ip 858995612 passive 0
05-03 14:29:04(532575968699) cos INFO: [Cos_SocketOpen:377]socket<361> open ok
05-03 14:29:04(12970367459402997179) TRAS_TASK INFO: [TrasNat_CreatNatHole:622]creat new nat hole get local udp port 7749 socket type 0
05-03 14:29:04(532575968699) TRAS_TASK INFO: [TrasNat_CheckNatType:391]natinf init ok socket 361 
05-03 14:29:04(536870935995) TRAS_TASK INFO: [TrasNat_CheckNat:226]send udp msg to server 156.59.51.51:30194 iret 72
05-03 14:29:04(12970367459402997179) TRAS_TASK INFO: [TrasNat_CheckNatType:397]natInf send msg to port1 30194 
05-03 14:29:04(532575968694) CFG_TASK INFO: [Cfg_ReqDevSrvItemsFromCloud:3724]ogct 12 get dev serveritem form link body {"METHOD":"3392","SEQID":"12","BODY":{"CompanyID":"0000213ed0cdb8bc","APPID":"1665373297326122","DID":"12000103c0537c93","Language":"2","Items":[{"ConfType":"1","Sign":"0"},{"ConfType":"2","Sign":"0"},{"ConfType":"8","Sign":"0"}]}}
05-03 14:29:04(23990) CFG_TASK INFO: [Cfg_Task_ProcOwnerCfg:801]ogct 13 start down owner inf
05-03 14:29:04(12970367463697964475) ZJ_TASK INFO: [ZJ_RecvGetPaasTokenRsp:3750]ogct 9 recv rsp code 0
05-03 14:29:04(23995) PID_SA INFO: [FUN_DEVICE_COMMON_RSP:1189]FUN_DEVICE_COMMON_RSP uiReqId:10, iErr:0
05-03 14:29:04(532575968699) ZJ_TASK INFO: [ZJ_UserProcSetPushTokenRsp:1001]ogct 10 recv rsp code 0 
05-03 14:29:04(532575968699) EVENT_TASK INFO: [Event_RecvGetEventCalenderRspFromStore:724]ogct 8 recv rsp json[0xe81d65c0] 
05-03 14:29:04(532575968699) TRAS_TASK INFO: [TrasP2PSlot_ProcTcpState:210]tcpslot 0xb400007be80dde80 send match req;turn to matching status
05-03 14:29:04(23748) PID_SA INFO: [Java_com_chinatelecom_smarthome_viewer_business_impl_NativeClient_writeLogToFile:118]I/Internal: onGetPaasPlatToken accessTokenut69F70E57-00000003-00G001-matcs/expireSeconds:86399//strPaasAddr:https://gm-ap.smartcloudcon.com
05-03 14:29:04(23748) PID_SA INFO: [Java_com_chinatelecom_smarthome_viewer_business_impl_NativeClient_writeLogToFile:118]I/HmSdkHelper: onServerStatusChange onTokenReturn accessToken:ut69F70E57-00000003-00G001-matcs
05-03 14:29:04(23748) PID_SA INFO: [Java_com_chinatelecom_smarthome_viewer_business_impl_NativeClient_writeLogToFile:118]I/HmSdkHelper: onServerStatusChange onTokenReturn pTokenJson:{"accessToken":"ut69F70E57-00000003-00G001-matcs","createTime":1777798744868,"expireSeconds":86399,"passAddress":"https://gm-ap.smartcloudcon.com"}
05-03 14:29:04(24000) PID_SA INFO: [FUN_GETEVENTCALENDER_RSP:1357]FUN_GETEVENTCALENDER_RSP reqId:7, error:0
05-03 14:29:04(24000) PID_SA INFO: [FUN_GETEVENTCALENDER_RSP:1359]list size: 0
05-03 14:29:04(24000) EVENT_TASK INFO: [Event_GetEventCalender_Rsp_ProcMsg:1844]event calender rsp msg uiRoute 2 uiReqId 8 rspstatus0 calender list 0
05-03 14:29:04(532575968704) EVENT_TASK INFO: [Event_GetNewEventCount:2773]ogct 16 send req msg {"METHOD":"3534","SEQID":"16","BODY":{"DID":"12000103c0537c93","Dates":["2026-05-03"]},"ChannelNum":"-1"}
05-03 14:29:05(532575968694) CFG_TASK INFO: [Cfg_Task_ProcAppVersion:1704]ntc app version ok ntcflag 0 updateflag 0
05-03 14:29:05(12970367455108029885) TRAS_TASK INFO: [Tras_ParseP2PSlot_ProxyMatchRsp:353]peer 12000103c0537c93 Slot 0xb400007be80dde80 recv proxy match rsp
05-03 14:29:05(532575968699) CFG_TASK INFO: [Cfg_RecvDevSrvItemsFromCloudRsp:3521]ogct 12 recv srv dev rsp event id info {"EventIDs":[{"AIIoTType":"1000","AlgorithmID":[],"EventID":"100000","Name":"Motion Detection","OpenFlag":"1"},{"AIIoTType":"1000","AlgorithmID":[],"EventID":"100001","Name":"Human Detection","OpenFlag":"1"},{"AIIoTType":"1096","AlgorithmID":[],"EventID":"109600","Name":"","OpenFlag":"0"},{"AIIoTType":"1097","AlgorithmID":[],"EventID":"109700","Name":"","OpenFlag":"0"},{"AIIoTType":"1029","AlgorithmID":[],"EventID":"102900","Name":"Pet Detection","OpenFlag":"0"},{"AIIoTType":"1083","AlgorithmID":[],"EventID":"108300","Name":"Vehicle Detection","OpenFlag":"0"},{"AIIoTType":"1000","AlgorithmID":[],"EventID":"300008","Name":"","OpenFlag":"0"},{"AIIoTType":"1097","AlgorithmID":[],"EventID":"109701","Name":"","OpenFlag":"0"},{"AIIoTType":"1105","AlgorithmID":[],"EventID":"110500","Name":"","OpenFlag":"0"},{"AIIoTType":"1029","AlgorithmID":[],"EventID":"102902","Name":"","OpenFlag":"0"},{"AIIoTType":"1029","AlgorithmID":[],"EventID":"102904","Name":"","OpenFlag":"0"},{"AIIoTType":"1097","AlgorithmID":[],"EventID":"109703","Name":"","OpenFlag":"0"},{"AIIoTType":"1026","AlgorithmID":[],"EventID":"102600","Name":"","OpenFlag":"0"},{"AIIoTType":"1089","AlgorithmID":[],"EventID":"108901","Name":"","OpenFlag":"0"},{"AIIoTType":"1000","AlgorithmID":[],"EventID":"100017","Name":"Motion Detection Cross Line","OpenFlag":"0"},{"AIIoTType":"1029","AlgorithmID":[],"EventID":"102903","Name":"","OpenFlag":"0"},{"AIIoTType":"1106","AlgorithmID":[],"EventID":"110600","Name":"","OpenFlag":"0"},{"AIIoTType":"1097","AlgorithmID":[],"EventID":"109702","Name":"","OpenFlag":"0"},{"AIIoTType":"1025","AlgorithmID":[],"EventID":"102500","Name":"","OpenFlag":"0"},{"AIIoTType":"1029","AlgorithmID":[],"EventID":"102906","Name":"","OpenFlag":"0"},{"AIIoTType":"1103","AlgorithmID":[],"EventID":"110300","Name":"","OpenFlag":"0"},{"AIIoTType":"1104","AlgorithmID":[],"EventID":"110400","Name":"","OpenFlag":"0"},{"AIIoTType":"1***
05-03 14:29:05(4189022135118749115) PID_SA INFO: [FUN_DEVICE_CFG_STATUS:1222]FUN_DEVICE_CFG_STATUS pucDeviceId:12000103c0537c93, enDeviceCfgItem:32768
05-03 14:29:05(536870935995) CFG_TASK INFO: [Cfg_RecvDevSrvItemsFromCloudRsp:3541]ogct 12 recv srv dev rsp app setting {"ClickAlarm":"1","EnCoderID":"0","FullColorMode":"0","JpgResample":"1","LampFlag":"0","LightLevelMode":"1","LightMaxTime":"43200","PlayLenth":"","PlayRestrictionFlag":"","PriorStreamID":"1","ResampleHight":"1296","ResampleWidth":"2304","ScreenSplit":{"OpenFlag":"","ShownPrecent":"","SplitCamID":""},"Sign":"8077","VideoResample":"0"}
05-03 14:29:05(23995) PID_SA INFO: [FUN_DEVICE_CFG_STATUS:1222]FUN_DEVICE_CFG_STATUS pucDeviceId:12000103c0537c93, enDeviceCfgItem:131072
05-03 14:29:05(23748) PID_SA INFO: [Java_com_chinatelecom_smarthome_viewer_business_impl_NativeClient_writeLogToFile:118]I/m0: onDeviceConfigUpdate  deviceId is =12000103c0537c93,,,,UNKNOWN
05-03 14:29:05(532575968699) CFG_TASK INFO: [Cfg_RecvDevSrvItemsFromCloudRsp:3560]ogct 12 recv srv dev rsp charge info {"AutoPayStatus":"0","DayExpireFlag":0,"EventExpireFlag":0,"Packages":[]}
05-03 14:29:05(23995) PID_SA INFO: [FUN_DEVICE_CFG_STATUS:1222]FUN_DEVICE_CFG_STATUS pucDeviceId:12000103c0537c93, enDeviceCfgItem:65536
05-03 14:29:05(532575968699) CFG_TASK INFO: [Cfg_RecvDevSrvItemsFromCloudRsp:3579]ogct 12 recv srv dev rsp nodel setting (null)
05-03 14:29:05(532575968699) CFG_TASK INFO: [Cfg_RecvDevSrvItemsFromCloudRsp:3640]ogct 12 recv srv dev rsp items 0 code 0
05-03 14:29:05(536870935995) CFG_TASK INFO: [Cfg_RcvDownOwnerInfRsp:771]ogct 13 recv down owner info rsp ,nickname  regperiod  code 0 data {"METHOD":"3323","SEQID":"13","CODE":"0","BODY":{"Account":[{"Account":"faiz.ahmed321@gmail.com","AccountType":"1"}],"CountryFromIP":"IN","Icon":"","NickName":"","Param":{"City":"","Country":"GB"},"ParentUID":"","RegPeriod":"","RoleType":0}}
05-03 14:29:05(541165903044) PID_SA INFO: [Java_com_chinatelecom_smarthome_viewer_business_impl_NativeClient_writeLogToFile:118]DeviceManager: cache TF Card Info
05-03 14:29:05(23995) BHAVR_TASK INFO: [BHavr_ProcUploadOptRsp:50]Ogct 14 recv rsp code 0
05-03 14:29:05(536870935748) CMD_TASK INFO: [Cmd_GetPeerTfCardInf:827]reqid 17 send GetPeerTfCardInf msg {"METHOD":"344E","SEQID":"17","FROM":{"UserToken":"1600010140c3ad111p3g5jmo63upuvo5"},"TO":{"DID":"12000103c0537c93"}} to peer 12000103c0537c93, iret -1
05-03 14:29:05(545460870340) PID_SA INFO: [Java_com_chinatelecom_smarthome_viewer_business_impl_NativeCommand_getTFCardInfo:394]HM_GetSdCardInf ret = -1 puiReqId = 17
05-03 14:29:05(532575968699) TRAS_TASK INFO: [TrasP2PSlot_ProcTcpState:243]tcpslot 0xb400007be80dde80 send test req and turn to testing status
05-03 14:29:05(532575968452) PID_SA INFO: [Java_com_chinatelecom_smarthome_viewer_business_impl_NativeClient_writeLogToFile:118]DeviceManager: deviceId = 12000103c0537c93   get sdcard info errorCode = -1
05-03 14:29:05(23748) PID_SA INFO: [Java_com_chinatelecom_smarthome_viewer_business_impl_NativeClient_writeLogToFile:118]I/m0: onDeviceConfigUpdate  deviceId is =12000103c0537c93,,,,UNKNOWN
05-03 14:29:05(12970367463697964228) PID_SA INFO: [Java_com_chinatelecom_smarthome_viewer_business_impl_NativeClient_writeLogToFile:118]DeviceManager: cache TF Card Info
05-03 14:29:05(536870935748) CMD_TASK INFO: [Cmd_GetPeerTfCardInf:827]reqid 19 send GetPeerTfCardInf msg {"METHOD":"344E","SEQID":"19","FROM":{"UserToken":"1600010140c3ad111p3g5jmo63upuvo5"},"TO":{"DID":"12000103c0537c93"}} to peer 12000103c0537c93, iret -1
05-03 14:29:05(545460870340) PID_SA INFO: [Java_com_chinatelecom_smarthome_viewer_business_impl_NativeCommand_getTFCardInfo:394]HM_GetSdCardInf ret = -1 puiReqId = 19
05-03 14:29:05(18446744069414608068) PID_SA INFO: [Java_com_chinatelecom_smarthome_viewer_business_impl_NativeClient_writeLogToFile:118]DeviceManager: deviceId = 12000103c0537c93   get sdcard info errorCode = -1
05-03 14:29:05(23995) EVENT_TASK INFO: [Event_RecvGetNewEventCountRspFromStore:1065]ogct 16 recv rsp json, set new event count 0 day 2026-05-03 msg rsp code 0
05-03 14:29:05(23995) PID_SA INFO: [FUN_NEWEVENT_CB:1574]onNewEventNotify pucDeviceId:12000103c0537c93, uiNewEventCount:0, pucDay:2026-05-03, uiRouterType:2
05-03 14:29:05(532575968699) TRAS_TASK INFO: [TrasP2PSlot_SetToUser:1052]tcpslot 0xb400007be80dde80 set bestest to peer 12000103c0537c93,old 0x0 udpflag 0 
05-03 14:29:05(532575968699) TRAS_TASK INFO: [TrasP2PSlot_ProcTcpState:282]tcpslot 0xb400007be80dde80 tested ok tickcnt 50625998
05-03 14:29:05(23995) cos INFO: [Cos_SocketOpen:377]socket<390> open ok
05-03 14:29:05(12970367459402997179) TRAS_TASK INFO: [TrasNat_CreatNatHole:622]creat new nat hole get local udp port 7750 socket type 0
05-03 14:29:05(536870935995) TRAS_TASK INFO: [TrasNat_CheckNat:226]send udp msg to server 156.59.51.51:30194 iret 72
05-03 14:29:05(23995) TRAS_TASK INFO: [TrasPeer_ProcGetNetInfo:482]peer 12000103c0537c93 get natinf status 2
05-03 14:29:05(12970367459402997179) CFG_TASK INFO: [Cfg_SetPeerDevCanUseStatus:636]set device 12000103c0537c93 oldflag 0 group 22000101413a31a9 can use status 1
05-03 14:29:05(12970367459402997179) PID_SA INFO: [FUN_DEVICE_STATUS:1240]FUN_DEVICE_STATUS deviceId:12000103c0537c93, status:5
05-03 14:29:05(23995) nvr_cfg WARN: [cfg_OnPeerDeviceStatusChange:454]Ignonre 12000103c0537c93 status changed
05-03 14:29:05(12970367459402997179) TRAS_TASK INFO: [TrasPeer_ProcStatusCbFlag:618]device 12000103c0537c93 slot can use
05-03 14:29:05(541165903044) PID_SA INFO: [Java_com_chinatelecom_smarthome_viewer_business_impl_NativeClient_writeLogToFile:118]I/LowPowerHeart: onDeviceStateChange awakeDevice groupId:22000101413a31a9//deviceId:12000103c0537c93//status:5//StatusEnum:5//statusName:CANUSE
05-03 14:29:05(545460870340) PID_SA INFO: [Java_com_chinatelecom_smarthome_viewer_business_impl_NativeClient_writeLogToFile:118]I/m0: onDeviceStateChange groupId:22000101413a31a9,deviceId:12000103c0537c93,devicePresenceState:5   deviceType = CAMERA  awakeAbility:NOT_SUPPORT
05-03 14:29:05(532575968694) CFG_TASK INFO: [Cfg_ReqDevSrvItemsFromCloud:3724]ogct 21 get dev serveritem form link body {"METHOD":"3392","SEQID":"21","BODY":{"CompanyID":"0000213ed0cdb8bc","APPID":"1665373297326122","DID":"12000103c0537c93","Language":"2","Modules":[{"AIIoTType":"1100","AIIoTID":"0","Sign":"0"},{"AIIoTType":"1093","AIIoTID":"0","Sign":"0"},{"AIIoTType":"1098","AIIoTID":"0","Sign":"0"}]}}
05-03 14:29:05(23990) CFG_TASK INFO: [Cfg_ProcPeerDeviceCfg:3969]peer 12000103c0537c93 sync cfg by p2p
05-03 14:29:05(532575968694) CFG_TASK INFO: [Cfg_SavePeerDeviceItemFile:3235]peerid 12000103c0537c93 algorithm cfg {"Sign":"0","EventIDs":[{"EventID":"100000","AIIoTType":"1000","OpenFlag":"1","Name":"Motion Detection"},{"EventID":"100001","AIIoTType":"1000","OpenFlag":"1","Name":"Human Detection"},{"EventID":"109600","AIIoTType":"1096","OpenFlag":"0","Name":""},{"EventID":"109700","AIIoTType":"1097","OpenFlag":"0","Name":""},{"EventID":"102900","AIIoTType":"1029","OpenFlag":"0","Name":"Pet Detection"},{"EventID":"108300","AIIoTType":"1083","OpenFlag":"0","Name":"Vehicle Detection"},{"EventID":"300008","AIIoTType":"1000","OpenFlag":"0","Name":""},{"EventID":"109701","AIIoTType":"1097","OpenFlag":"0","Name":""},{"EventID":"110500","AIIoTType":"1105","OpenFlag":"0","Name":""},{"EventID":"102902","AIIoTType":"1029","OpenFlag":"0","Name":""},{"EventID":"102904","AIIoTType":"1029","OpenFlag":"0","Name":""},{"EventID":"109703","AIIoTType":"1097","OpenFlag":"0","Name":""},{"EventID":"102600","AIIoTType":"1026","OpenFlag":"0","Name":""},{"EventID":"108901","AIIoTType":"1089","OpenFlag":"0","Name":""},{"EventID":"100017","AIIoTType":"1000","OpenFlag":"0","Name":"Motion Detection Cross Line"},{"EventID":"102903","AIIoTType":"1029","OpenFlag":"0","Name":""},{"EventID":"110600","AIIoTType":"1106","OpenFlag":"0","Name":""},{"EventID":"109702","AIIoTType":"1097","OpenFlag":"0","Name":""},{"EventID":"102500","AIIoTType":"1025","OpenFlag":"0","Name":""},{"EventID":"102906","AIIoTType":"1029","OpenFlag":"0","Name":""},{"EventID":"110300","AIIoTType":"1103","OpenFlag":"0","Name":""},{"EventID":"110400","AIIoTType":"1104","OpenFlag":"0","Name":""},{"EventID":"110900","AIIoTType":"1109","OpenFlag":"0","Name":""},{"EventID":"102901","AIIoTType":"1029","OpenFlag":"0","Name":""},{"EventID":"102905","AIIoTType":"1029","OpenFlag":"0","Name":""}],"ServiceIDs":[{"OpenFlag":"1","ServiceID":"300027"},{"OpenFlag":"1","ServiceID":"300026"},{"OpenFlag":"0","ServiceID":"300009"},{"OpenFlag":"0","ServiceID":"300008"},{"OpenFlag":"0","Servi***
05-03 14:29:05(532575968694) CFG_TASK INFO: [Cfg_SavePeerDeviceItemFile:3246]peerid 12000103c0537c93 dev app cfg {"Sign":"8077","VideoResample":"0","JpgResample":"1","ResampleHight":"1296","ResampleWidth":"2304","LampFlag":"0","LightMaxTime":"43200","LightLevelMode":"1","PlayRestrictionFlag":"0","PlayLenth":"0","ClickAlarm":"1","PriorStreamID":"1","ScreenSplit":{"OpenFlag":"0","SplitCamID":"0","ShownPrecent":"0"},"EncoderID":"0","AutoSwitchMode":"0"}
05-03 14:29:05(532575968694) CFG_TASK INFO: [Cfg_SavePeerDeviceItemFile:3256]peerid 12000103c0537c93 dev chargelist cfg {"Sign":"0","AutoPayStatus":"0","DayExpireFlag":"0","EventExpireFlag":"0","Packages":[]}
05-03 14:29:05(12970367459402997174) CFG_TASK INFO: [Cfg_SetOwnerVCardInf:580]set owner nick name  country GB RegPeriod 
05-03 14:29:05(23995) CFG_TASK INFO: [Cfg_RecvDevSrvItemsFromCloudRsp:3579]ogct 21 recv srv dev rsp nodel setting [{"AIIoTID":"0","AIIoTType":"1100","Buss":null,"OpenFlag":"","Prop":null,"Sign":"","SupportFlag":"0"},{"AIIoTID":"0","AIIoTType":"1093","Buss":{"TimeArea":"","TimeZone":""},"OpenFlag":"0","Prop":null,"Sign":"","SupportFlag":"1"},{"AIIoTID":"0","AIIoTType":"1098","Buss":{"EventList":[{"EventID":"108300","OpenFlag":"0"},{"EventID":"102900","OpenFlag":"0"},{"EventID":"109600","OpenFlag":"0"},{"EventID":"109700","OpenFlag":"0"}]},"OpenFlag":"1","Prop":{"EventList":[{"EventID":"108300"},{"EventID":"102900"},{"EventID":"109600"},{"EventID":"109700"}],"hm_editable":"0"},"Sign":"","SupportFlag":"1"}]
05-03 14:29:05(23995) CFG_TASK INFO: [Cfg_RecvDevSrvItemsFromCloudRsp:3640]ogct 21 recv srv dev rsp items 0 code 0
05-03 14:29:05(23748) PID_SA INFO: [Java_com_chinatelecom_smarthome_viewer_business_impl_NativeClient_writeLogToFile:118]I/AppLovinAdManager: initializeSdk isTestModeEnabled: false,countryCode: IN,enabledAmazonAdUnitIds?.size: 0,sdkConfig string: AppLovinSdkConfiguration{, countryCode=IN, enabledAmazonAdUnitIds=[], testModeEnabled=false}
05-03 14:29:06(23990) PID_SA INFO: [FUN_DEVICE_CFG_STATUS:1222]FUN_DEVICE_CFG_STATUS pucDeviceId:12000103c0537c93, enDeviceCfgItem:1
05-03 14:29:06(541165903044) PID_SA INFO: [Java_com_chinatelecom_smarthome_viewer_business_impl_NativeClient_writeLogToFile:118]I/m0: onDeviceConfigUpdate  deviceId is =12000103c0537c93,,,,DEVICE
05-03 14:29:06(532575968694) CFG_TASK INFO: [Cfg_SavePeerDeviceItemFile:3084]peerid 12000103c0537c93 dev cfg {"Sign":"1075","EncAbility":"0","OTAAbility":"7","OTAType":"0","WifiSetAbility":"25","EnergyType":"0","AwakeAbility":"0","AOVAbility":"0","SwitchAOVFrameRateAbility":"0","MicVolumeAbility":"0","SIMAbility":"0","OneClickShowAbility":"0","LogCollectAbility":"1","Powersupply":"1","SupplyShowPowerAbility":"0","DualFrequency":"0","ApSetPasswd":"0","TimerOpenAbility":"0","PowerLevel":"100","SdkVersion":"50664832","DevVersion":"YGT.AJ-L33PQ08A1-v241030.1014","OldDevFlag":"0","DevName":"GateCameras","OsType":"1","DevType":"1","AwakeInterval":"0","MaxSessionCnt":"4","AliveSessionCnt":"0","WifiStrength":"0","AutoSync":"1","DevModel":"AJ-L33PQ08A1","SSID":"","MacAddr":"","DstArea":"Asia/Kolkata","Dst":"IST-5:30","DstUseFlag":"1","TimeMode":"0","StatusLedMode":"1","SimSlotCnt":"0","WorkSimSlotId":"0","IMEI":"","Language":"0","PromptSet":"0","ApHasPassWd":"0","AOVFrameInterval":"0","SimSlots":[],"MulMedia":{"Port":"0","Ipv4":"","ReSource":"","EncType":"0","EncKey":"","EncLv":""}}
05-03 14:29:06(532575968694) CFG_TASK INFO: [Cfg_SavePeerDeviceItemFile:3104]peerid 12000103c0537c93 iots cfg {"PTZAbility":"3","AttachPTZAbility":"0","PTZSpeedAbility":"1","MotionAbility":"1","DoorbellAbility":"0","RecordAbility":"1","PIRAbility":"0","VoiceAlarmAbility":"0","SnapshotAbility":"1","BuzzerAbility":"1","StatusLampAbility":"0","LampAbility":"1","CloudRecordAbility":"0","CloudSnapshotAbility":"1","CameraAbility":"1","EventAbility":"1","SupportCloudFlag":"1","Sign":"41496","IoTS":[{"AIIoTType":"1006","AIIoTID":"0","OpenFlag":"1","Sign":"0"},{"AIIoTType":"1005","AIIoTID":"0","OpenFlag":"1","Sign":"0","Prop":{"SnapLoopFlag":"1","SnapInterval":"180","SnapFullFlag":"0","SnapPicType":"2"}},{"AIIoTType":"1000","AIIoTID":"0","OpenFlag":"1","Sign":"0","Prop":{"Motion":{"Status":"0","Interval":"60","Trace":"0","Sensitive":"50"},"Human":{"Sensitive":"50","Status":"0","Interval":"60","Trace":"0"},"Face":{"Sensitive":"50","Status":"0","Interval":"60","Trace":"0"}}},{"AIIoTType":"1009","AIIoTID":"0","OpenFlag":"1","Sign":"0","Prop":{"Status":"1"}},{"AIIoTType":"1014","AIIoTID":"0","OpenFlag":"1","Sign":"0","Prop":{"IrcutType":"2"}},{"AIIoTType":"1007","AIIoTID":"0","OpenFlag":"1","Sign":"0","Prop":{}},{"AIIoTType":"1002","AIIoTID":"0","OpenFlag":"1","Sign":"0","Prop":{"RecordLoop":"1","RecordFull":"0","StreamID":"0","Duration":"0"}},{"AIIoTType":"1011","AIIoTID":"0","OpenFlag":"1","Sign":"0","Prop":{"GifFlag":"1","GifOpenFlag":"0","Interval":"30","LoopDays":"3","PicType":"2","RecordType":"1","SnapJpgCnt":"1","StorageType":"0","Support":"1","hm_editable":"0"}},{"AIIoTType":"1013","AIIoTID":"0","OpenFlag":"1","Sign":"0","Prop":{"PushFlag":"7","SMSFlag":"1","EmailFlag":"1","Interval":"300","EmailAddr":"","StartTime":"0","EndTime":"86400","SpanFlag":"0","Week":"127"}},{"AIIoTType":"1012","AIIoTID":"0","OpenFlag":"1","Sign":"0"},{"AIIoTType":"1093","AIIoTID":"0","OpenFlag":"1","Sign":"0","Prop":null,"Buss":{"TimeArea":"","TimeZone":""}},{"AIIoTType":"1098","AIIoTID":"0","OpenFlag":"1","Sign":"0","Prop":{"EventLis***
05-03 14:29:06(532575968694) PID_SA INFO: [FUN_OWNER_CFG_STATUS:2565]FUN_OWNER_CFG_STATUS enUserCfgItem:3
05-03 14:29:06(23748) PID_SA INFO: [Java_com_chinatelecom_smarthome_viewer_business_impl_NativeClient_writeLogToFile:118]I/Internal: onOwnerCfgUpdate userId:
05-03 14:29:06(532575968694) CFG_TASK INFO: [Cfg_Task_ProcOwnerCfg:844]ogct 42 start upload owner info
05-03 14:29:06(23748) PID_SA INFO: [Java_com_chinatelecom_smarthome_viewer_business_impl_NativeUser_getOwnerVCardInfo:354]uiMarried:0,  uiSex:0, aucMobile:, aucEmail:, aucAddress:,aucBirthday:, aucCity:, aucCountry:GB,aucVMid:, aucNickName:, aucProvice:,aucPhotoProfile:,aucRegPeriod:,
05-03 14:29:06(23995) CFG_TASK INFO: [Cfg_RecvUpOwnerInfRsp:786]ogct 42 recv upload owner info rsp
05-03 14:29:06(532575968694) PID_SA INFO: [FUN_DEVICE_CFG_STATUS:1222]FUN_DEVICE_CFG_STATUS pucDeviceId:12000103c0537c93, enDeviceCfgItem:0
05-03 14:29:06(23748) PID_SA INFO: [Java_com_chinatelecom_smarthome_viewer_business_impl_NativeClient_writeLogToFile:118]I/m0: onDeviceConfigUpdate  deviceId is =12000103c0537c93,,,,ALL
05-03 14:29:06(12970367463697964228) PID_SA INFO: [Java_com_chinatelecom_smarthome_viewer_business_impl_NativeClient_writeLogToFile:118]DeviceManager: cache TF Card Info
05-03 14:29:06(12970367459402996932) CMD_TASK INFO: [Cmd_GetPeerTfCardInf:827]reqid 43 send GetPeerTfCardInf msg {"METHOD":"344E","SEQID":"43","FROM":{"UserToken":"1600010140c3ad111p3g5jmo63upuvo5"},"TO":{"DID":"12000103c0537c93"}} to peer 12000103c0537c93, iret 0
05-03 14:29:06(545460870340) PID_SA INFO: [Java_com_chinatelecom_smarthome_viewer_business_impl_NativeCommand_getTFCardInfo:394]HM_GetSdCardInf ret = 0 puiReqId = 43
05-03 14:29:07(12970367459402997174) CFG_TASK INFO: [Cfg_ProcDevCfgChangeNotice:1150]recv devcfg 12000103c0537c93 from link_server OldFlg 0 cfg item 0 changed notice
05-03 14:29:07(12970367459402997174) CFG_TASK INFO: [Cfg_ParseRecvNetData:1492]recv msgtype 37 msgid 42
05-03 14:29:07(536870935991) CMD_TASK INFO: [Cmd_ProcRecvNetMsg:5735]reqid 43 recv rsp content {"CODE":"0","METHOD":"344F","SEQID":"43","FROM":{"DID":"12000103c0537c93"},"TO":{"UserToken":"1600010140c3ad111p3g5jmo63upuvo5"},"BODY":{"StorageAbility":"1","TotalSize":"59633","FreeSize":"12486","CardStatus":"0"}}
05-03 14:29:07(23991) PID_SA INFO: [FUN_DEVICE_RSP_GET_TFCARD_INFO:2315]FUN_DEVICE_RSP_GET_TFCARD_INFO uiReqId:43, uiTotalSize:59633, uiRemainSize:12486, iErr:0
05-03 14:29:07(532575968452) PID_SA INFO: [Java_com_chinatelecom_smarthome_viewer_business_impl_NativeClient_writeLogToFile:118]DeviceManager: deviceId = 12000103c0537c93   storageAbility =1  totalSize =59633  remainSize = 12486
05-03 14:29:07(532575968763) PID_SA INFO: [Java_com_chinatelecom_smarthome_viewer_business_impl_NativeClient_writeLogToFile:118]I/RetrofitLog: retrofitBack = <-- 200 OK https://ims.smartcloudcon.com/loghub/app/getEventUploadEndpoint (4056ms)
05-03 14:29:07(24059) PID_SA INFO: [Java_com_chinatelecom_smarthome_viewer_business_impl_NativeClient_writeLogToFile:118]I/RetrofitLog: retrofitBack = Server: nginx/1.14.0 (Ubuntu)
05-03 14:29:07(24059) PID_SA INFO: [Java_com_chinatelecom_smarthome_viewer_business_impl_NativeClient_writeLogToFile:118]I/RetrofitLog: retrofitBack = Date: Sun, 03 May 2026 08:59:06 GMT
05-03 14:29:07(24059) PID_SA INFO: [Java_com_chinatelecom_smarthome_viewer_business_impl_NativeClient_writeLogToFile:118]I/RetrofitLog: retrofitBack = Content-Type: application/json; charset=utf-8
05-03 14:29:07(24059) PID_SA INFO: [Java_com_chinatelecom_smarthome_viewer_business_impl_NativeClient_writeLogToFile:118]I/RetrofitLog: retrofitBack = Connection: keep-alive
05-03 14:29:07(24059) PID_SA INFO: [Java_com_chinatelecom_smarthome_viewer_business_impl_NativeClient_writeLogToFile:118]I/RetrofitLog: retrofitBack = Access-Control-Allow-Credentials: true
05-03 14:29:07(24059) PID_SA INFO: [Java_com_chinatelecom_smarthome_viewer_business_impl_NativeClient_writeLogToFile:118]I/RetrofitLog: retrofitBack = Access-Control-Allow-Headers: *
05-03 14:29:07(24059) PID_SA INFO: [Java_com_chinatelecom_smarthome_viewer_business_impl_NativeClient_writeLogToFile:118]I/RetrofitLog: retrofitBack = Access-Control-Allow-Methods: POST, GET, OPTIONS, PUT, DELETE, UPDATE
05-03 14:29:07(528281001467) PID_SA INFO: [Java_com_chinatelecom_smarthome_viewer_business_impl_NativeClient_writeLogToFile:118]I/RetrofitLog: retrofitBack = Access-Control-Allow-Origin: *
05-03 14:29:07(528281001467) PID_SA INFO: [Java_com_chinatelecom_smarthome_viewer_business_impl_NativeClient_writeLogToFile:118]I/RetrofitLog: retrofitBack = Access-Control-Expose-Headers: Content-Length, Access-Control-Allow-Origin, Access-Control-Allow-Headers, Cache-Control, Content-Language, Content-Type
05-03 14:29:07(528281001467) PID_SA INFO: [Java_com_chinatelecom_smarthome_viewer_business_impl_NativeClient_writeLogToFile:118]I/RetrofitLog: retrofitBack = Vary: Accept-Encoding
05-03 14:29:07(528281001467) PID_SA INFO: [Java_com_chinatelecom_smarthome_viewer_business_impl_NativeClient_writeLogToFile:118]I/RetrofitLog: retrofitBack = 
05-03 14:29:07(528281001467) PID_SA INFO: [Java_com_chinatelecom_smarthome_viewer_business_impl_NativeClient_writeLogToFile:118]I/RetrofitLog: retrofitBack = {"CODE":0,"Msg":"","BODY":{"Token":"eyJhbGciOiJIUzUxMiIsInR5cCI6IkpXVCJ9.eyJleHAiOjE3ODAzOTA3NDUsImlhdCI6MTc3Nzc5ODc0NSwiQ29tcGFueUlEIjoiMDAwMDIxM2VkMGNkYjhiYyIsIkFwcElEIjoiMTU5MzU5Mjc3ODUxMzA3MCIsIlVJRCI6IiIsIkFwcFZlcnNpb24iOiIyLjkuMjgifQ.Ue0ZZ2JYbgDb8qmbF0sYwFF5zRXbcSuz1F0N2n7lnRyFGFZhkeH1tSYJcXl9ggEvxEWlLSToGXPi7SRBloyxnA","Region":"003","MDURL":"https://yatai-loggw.smartcloudcon.com/loggw/app/eventTrack"}}
05-03 14:29:07(528281001467) PID_SA INFO: [Java_com_chinatelecom_smarthome_viewer_business_impl_NativeClient_writeLogToFile:118]I/RetrofitLog: retrofitBack = <-- END HTTP (413-byte body)
05-03 14:29:07(532575968694) CFG_TASK INFO: [Cfg_ReqDevSrvItemsFromCloud:3724]ogct 44 get dev serveritem form link body {"METHOD":"3392","SEQID":"44","BODY":{"CompanyID":"0000213ed0cdb8bc","APPID":"1665373297326122","DID":"12000103c0537c93","Language":"2","Modules":[{"AIIoTType":"1200","AIIoTID":"0","Sign":"0"}]}}
05-03 14:29:07(23995) CFG_TASK INFO: [Cfg_RecvDevSrvItemsFromCloudRsp:3579]ogct 44 recv srv dev rsp nodel setting [{"AIIoTID":"0","AIIoTType":"1200","Buss":{"Language":"2"},"OpenFlag":"1","Prop":null,"Sign":"","SupportFlag":"0"}]
05-03 14:29:07(23995) CFG_TASK INFO: [Cfg_RecvDevSrvItemsFromCloudRsp:3640]ogct 44 recv srv dev rsp items 0 code 0
05-03 14:29:07(532575968694) CFG_TASK INFO: [Cfg_SavePeerDeviceItemFile:3104]peerid 12000103c0537c93 iots cfg {"PTZAbility":"3","AttachPTZAbility":"0","PTZSpeedAbility":"1","MotionAbility":"1","DoorbellAbility":"0","RecordAbility":"1","PIRAbility":"0","VoiceAlarmAbility":"0","SnapshotAbility":"1","BuzzerAbility":"1","StatusLampAbility":"0","LampAbility":"1","CloudRecordAbility":"0","CloudSnapshotAbility":"1","CameraAbility":"1","EventAbility":"1","SupportCloudFlag":"1","Sign":"41496","IoTS":[{"AIIoTType":"1006","AIIoTID":"0","OpenFlag":"1","Sign":"0"},{"AIIoTType":"1005","AIIoTID":"0","OpenFlag":"1","Sign":"0","Prop":{"SnapLoopFlag":"1","SnapInterval":"180","SnapFullFlag":"0","SnapPicType":"2"}},{"AIIoTType":"1000","AIIoTID":"0","OpenFlag":"1","Sign":"0","Prop":{"Motion":{"Status":"0","Interval":"60","Trace":"0","Sensitive":"50"},"Human":{"Sensitive":"50","Status":"0","Interval":"60","Trace":"0"},"Face":{"Sensitive":"50","Status":"0","Interval":"60","Trace":"0"}}},{"AIIoTType":"1009","AIIoTID":"0","OpenFlag":"1","Sign":"0","Prop":{"Status":"1"}},{"AIIoTType":"1014","AIIoTID":"0","OpenFlag":"1","Sign":"0","Prop":{"IrcutType":"2"}},{"AIIoTType":"1007","AIIoTID":"0","OpenFlag":"1","Sign":"0","Prop":{}},{"AIIoTType":"1002","AIIoTID":"0","OpenFlag":"1","Sign":"0","Prop":{"RecordLoop":"1","RecordFull":"0","StreamID":"0","Duration":"0"}},{"AIIoTType":"1011","AIIoTID":"0","OpenFlag":"1","Sign":"0","Prop":{"GifFlag":"1","GifOpenFlag":"0","Interval":"30","LoopDays":"3","PicType":"2","RecordType":"1","SnapJpgCnt":"1","StorageType":"0","Support":"1","hm_editable":"0"}},{"AIIoTType":"1013","AIIoTID":"0","OpenFlag":"1","Sign":"0","Prop":{"PushFlag":"7","SMSFlag":"1","EmailFlag":"1","Interval":"300","EmailAddr":"","StartTime":"0","EndTime":"86400","SpanFlag":"0","Week":"127"}},{"AIIoTType":"1012","AIIoTID":"0","OpenFlag":"1","Sign":"0"},{"AIIoTType":"1093","AIIoTID":"0","OpenFlag":"1","Sign":"0","Prop":null,"Buss":{"TimeArea":"","TimeZone":""}},{"AIIoTType":"1098","AIIoTID":"0","OpenFlag":"1","Sign":"0","Prop":{"EventLis***
05-03 14:29:09(536870935995) TRAS_TASK INFO: [TrasNat_CheckNat:226]send udp msg to server 156.59.51.51:30194 iret 72
05-03 14:29:09(12970367459402997179) TRAS_TASK INFO: [TrasNat_CheckNatType:397]natInf send msg to port1 30194 
05-03 14:29:10(23995) TRAS_TASK ERR: [TrasLink_ProcRecv:331]rcv data err 103  buff len 4096
05-03 14:29:10(532575968699) cos INFO: [Cos_SocketClose:390]socket<262> closed
05-03 14:29:10(23997) TRAS_TASK INFO: [TrasP2PSlot_Recv:996]rcv data err 103  buff len 4096
05-03 14:29:10(532575968701) cos INFO: [Cos_SocketClose:390]socket<349> closed
05-03 14:29:10(532575968699) PID_SA INFO: [FUN_SERVER_STATUS:2529]FUN_SERVER_STATUS enServerStatus:0, iErr:0
05-03 14:29:10(532575968699) TRAS_TASK INFO: [TrasP2PSlot_ProcTcpState:352]tcpslot 0xb400007be80dde80 closed ok reset bestslot 1
05-03 14:29:10(541165903044) PID_SA INFO: [Java_com_chinatelecom_smarthome_viewer_business_impl_NativeClient_writeLogToFile:118]I/m0: onSelfAuthStateChange serverStatus:0,hmError:0
05-03 14:29:10(532575968699) PID_SA INFO: [FUN_SERVER_STATUS:2529]FUN_SERVER_STATUS enServerStatus:1, iErr:0
05-03 14:29:10(532575968699) cos INFO: [Cos_SocketOpen:377]socket<209> open ok
05-03 14:29:10(541165903044) PID_SA INFO: [Java_com_chinatelecom_smarthome_viewer_business_impl_NativeClient_writeLogToFile:118]I/m0: onSelfAuthStateChange serverStatus:1,hmError:0
05-03 14:29:10(532575968699) TRAS_TASK INFO: [TrasLink_Connect:245]Link Connect Addr:43.133.96.204:19336,ConnFlag:1
05-03 14:29:10(532575968699) CFG_TASK INFO: [Cfg_SetPeerDevCanUseStatus:636]set device 12000103c0537c93 oldflag 0 group 22000101413a31a9 can use status 0
05-03 14:29:10(12970367459402997179) nvr_cfg WARN: [cfg_OnPeerDeviceStatusChange:454]Ignonre 12000103c0537c93 status changed
05-03 14:29:10(532575968699) PID_SA INFO: [FUN_DEVICE_STATUS:1240]FUN_DEVICE_STATUS deviceId:12000103c0537c93, status:1
05-03 14:29:10(23748) PID_SA INFO: [Java_com_chinatelecom_smarthome_viewer_business_impl_NativeClient_writeLogToFile:118]I/LowPowerHeart: onDeviceStateChange awakeDevice groupId:22000101413a31a9//deviceId:12000103c0537c93//status:1//StatusEnum:1//statusName:ONLINE
05-03 14:29:10(545460870340) PID_SA INFO: [Java_com_chinatelecom_smarthome_viewer_business_impl_NativeClient_writeLogToFile:118]I/m0: onDeviceStateChange groupId:22000101413a31a9,deviceId:12000103c0537c93,devicePresenceState:1   deviceType = CAMERA  awakeAbility:NOT_SUPPORT
05-03 14:29:10(12970367463697964475) TRAS_TASK INFO: [TrasPeer_ProcStatusCbFlag:630]device 12000103c0537c93 online status 1
05-03 14:29:10(532575968699) TRAS_TASK INFO: [TrasP2PSlot_Close:61]close the Slot 0xb400007be80dde80  flag 0 ok .
05-03 14:29:14(10349162383376670139) cos ERR: [Cos_SocketErrFilterToLog:653]has last-error<13> has 135 times.
05-03 14:29:14(532575968699) cos ERR: [Cos_SocketErrFilterToLog:658]Cand_SocketSendTo:693 has error<1>
05-03 14:29:14(532575968699) TRAS_TASK INFO: [TrasNat_CheckNat:226]send udp msg to server 156.59.51.51:30194 iret -1
05-03 14:29:14(12970367455108029883) TRAS_TASK INFO: [TrasNat_CheckNatType:397]natInf send msg to port1 30194 
05-03 14:35:33(12970367459402997179) cos INFO: [Cos_SocketClose:390]socket<209> closed
